Xv^Qov, Xv^Qov, Xv^Qov, Xv^Qov, Xv^Qov, Xv^Qov, Xv^Qov, Xv^Qov, Xv^Qov, Xv^Qov, Xv^Qov, Xv^Qov, Xv^Qov, Xv^Qov, Xv^Qov, Xv^Qov, Xv^Qov, Xv^Qov, Xv^Qov, Xv^Qov, Xv^Qov, Xv^Qov, Xv^Qov, Xv^Qov, Xv^Qov, Xv^Qov, Xv^Qov, Xv^Qov, Xv^Qov, Xv^Qov, Xv^Qov
Xv^Qov, Xv^Yyyy, Xv^Qov, Xv^Qov, Xv^Qov, Xv^Qov, Xv^Qov, Xv^Qov, Xv^Qov, Xv^Qov, Xv^Qov, Xv^Qov, Xv^Qov, Xv^Qov, Xv^Qov, Xv^Qov, Xv^Qov, Xv^Qov, Xv^Qov, Xv^Qov, Xv^Qov, Xv^Qov, Xv^Qov, Xv^Qov, Xv^Qov, Xv^Qov, Xv^Qov, Xv^Qov, Xv^Qov, Xv^Qov, Xv^Qov
Xv^Qov, Xv^Qov, Xv^Qov, Xv^Qov, Xv^Qov, Xv^Qov, Xv^Qov, Xv^Qov, Xv^Qov, Xv^Qov, Xv^Qov, Xv^Qov, Xv^Qov, Xv^Qov, Xv^Qov, Xv^Qov, Xv^Qov, Xv^Qov, Xv^Qov, Xv^Qov, Xv^Qov, Xv^Qov, Xv^Qov, Xv^Qov, Xv^Qov, Xv^Qov, Xv^Qov, Xv^Qov, Xv^Qov, Xv^Qov, Xv^Qov
Xv^Qov, Xv^Qov, Xv^Qov, Xv^Qov, Xv^Qov, Xv^Qov, Xv^Qov, Xv^Qov, Xv^Qov, Xv^Qov, Xv^Qov, Xv^Qov, Xv^Qov, Xv^Qov, Xv^Qov, Xv^Qov, Xv^Qov, Xv^Qov, Xv^Qov, Xv^Qov, Xv^Qov, Xv^Qov, Xv^Qov, Xv^Qov, Xv^Qov, Xv^Qov, Xv^Qov, Xv^Qov, Xv^Qov, Xv^Qov, Xv^Qov
Xv^Qov, Xv^Qov, Xv^Qov, Xv^Qov, Xv^Qov, Xv^Qov, Xv^Qov, Xv^Qov, Xv^Qov, Xv^Qov, Xv^Qov, Xv^Qov, Xv^Qov, Xv^Qov, Xv^Qov, Xv^Qov, Xv^Qov, Xv^Qov, Xv^Qov, Xv^Qov, Xv^Qov, Rr, Rr, Xv^Qov, Xv^Qov, Xv^Qov, Xv^Qov, Xv^Qov, Xv^Qov, Xv^Qov, Xv^Qov
Xv^Qov, Xv^Qov, Xv^Qov, Xv^Qov, Xv^Qov, Xv^Qov, Xv^Qov, Xv^Qov, Xv^Qov, Xv^Qov, Xv^Qov, Xv^Qov, Xv^Qov, Xv^Qov, Xv^Qov, Xv^Qov, Xv^Qov, Xv^Qov, Xv^Qov, Xv^Qov, Xv^Qov, Rr, Rr, Xv^Qov, Xv^Qov, Xv^Qov, Xv^Qov, Xv^Qov, Xv^Qov, Xv^Qov, Xv^Qov
Xv^Qov, 3 _s, Xv^Qov, Xv^Qov, Xv^Qov, Xv^Qov, Xv^Qov, Xv^Qov, Xv^Qov, Xv^Qov, Xv^Qov, Xv^Qov, Xv^Qov, Xv^Qov, Xv^Qov, Xv^Qov, Xv^Qov, Xv^Qov, Xv^Qov, Xv^Qov, Xv^Qov, Rr, Xv^Qov, Rr, Xv^Qov, Xv^Qov, Xv^Qov, Xv^Qov, Xv^Qov, Xv^Qov, Xv^Qov
Xv^Qov, Xv^Qov, Xv^Qov, Xv^Qov, Xv^Qov, Xv^Qov, Xv^Qov, Xv^Qov, Xv^Qov, Xv^Qov, Xv^Qov, Xv^Qov, Xv^Qov, Xv^Qov, Xv^Qov, Xv^Qov, Xv^Qov, Xv^Qov, Xv^Qov, Xv^Qov, Xv^Qov, Rr, Xv^Qov, Rr, Xv^Qov, Xv^Qov, Xv^Qov, Xv^Qov, Xv^Qov, Xv^Qov, Xv^Qov
Xv^Qov, Xv^Qov, Xv^Qov, Xv^Qov, Xv^Qov, Xv^Qov, Xv^Qov, Xv^Qov, Xv^Qov, Xv^Qov, Xv^Qov, Xv^Qov, Xv^Qov, Xv^Qov, Xv^Qov, Xv^Qov, Xv^Qov, Xv^Qov, Rr, Xv^Qov, Rr, Rr, Xv^Qov, Rr, Xv^Qov, Xv^Qov, Xv^Qov, Xv^Qov, Xv^Qov, Xv^Qov, Xv^Qov
Xv^Qov, Xv^Qov, Xv^Qov, Xv^Qov, Xv^Qov, Xv^Qov, Xv^Qov, Xv^Qov, Xv^Qov, Xv^Qov, Xv^Qov, Xv^Qov, Xv^Qov, Rr, Rr, Rr, Rr, Rr, Xv^Qov, Rr, Xv^Qov, Xv^Qov, Rr, Rr, Xv^Qov, Xv^Qov, Xv^Qov, Xv^Qov, Xv^Qov, Xv^Qov, Xv^Qov
Xv^Qov, Xv^Qov, Xv^Qov, Xv^Qov, Xv^Qov, Xv^Qov, Xv^Qov, Xv^Qov, Xv^Qov, Xv^Qov, Xv^Qov, Xv^Qov, Xv^Qov, Xv^Qov, Xv^Qov, Xv^Qov, Xv^Qov, Xv^Qov, Rr, Rr, Xv^Qov, Xv^Qov, Rr, Rr, Xv^Qov, Xv^Qov, Xv^Qov, Xv^Qov, Xv^Qov, Xv^Qov, Xv^Qov
Xv^Qov, Xv^Qov, Xv^Qov, Xv^Qov, Xv^Qov, Xv^Qov, Xv^Qov, Xv^Qov, Xv^Qov, Xv^Qov, Xv^Qov, Xv^Qov, Xv^Qov, Xv^Qov, Xv^Qov, Xv^Qov, Rr, Rr, Xv^Qov, Xv^Qov, Xv^Qov, Rr, Rr, Xv^Qov, Xv^Qov, Xv^Qov, Xv^Qov, Xv^Qov, Xv^Qov, Xv^Qov, Xv^Qov
Xv^Qov, Xv^Qov, Xv^Qov, Xv^Qov, Xv^Qov, Xv^Qov, Xv^Qov, Xv^Qov, Xv^Qov, Xv^Qov, Xv^Qov, Xv^Qov, Xv^Qov, Xv^Qov, Xv^Qov, Xv^Qov, Xv^Qov, Xv^Qov, Xv^Qov, Xv^Qov, Rr, Rr, Xv^Qov, Xv^Qov, Xv^Qov, Xv^Qov, Xv^Qov, Xv^Qov, Xv^Qov, Xv^Qov, Xv^Qov
Xv^Qov, Xv^Qov, Xv^Qov, Xv^Qov, Xv^Qov, Xv^Qov, Xv^Qov, Xv^Qov, Xv^Qov, Xv^Qov, Xv^Qov, Xv^Qov, Xv^Qov, Xv^Qov, Xv^Qov, Xv^Qov, Xv^Qov, Xv^Qov, Rr, Rr, Xv^Qov, Xv^Qov, Xv^Qov, Xv^Qov, Xv^Qov, Xv^Qov, Xv^Qov, Xv^Qov, Xv^Qov, Xv^Qov, Xv^Qov
Xv^Qov, Xv^Qov, Xv^Qov, Xv^Qov, Xv^Qov, Xv^Qov, Xv^Qov, Xv^Qov, Xv^Qov, Xv^Qov, Xv^Qov, Xv^Qov, Xv^Qov, Xv^Qov, Xv^Qov, Xv^Qov, Rr, Rr, Rr, Xv^Qov, Xv^Qov, Xv^Qov, Xv^Qov, Xv^Qov, Xv^Qov, Xv^Qov, Xv^Qov, Xv^Qov, Xv^Qov, Xv^Qov, Xv^Qov
Xv^Qov, Xv^Qov, Xv^Qov, Xv^Qov, Xv^Qov, Xv^Qov, Xv^Qov, Xv^Qov, Xv^Qov, Xv^Qov, Xv^Qov, Xv^Qov, Xv^Qov, Xv^Qov, Xv^Qov, Rr, Rr, Rr, Rr, Rr, Xv^Qov, Xv^Qov, Xv^Qov, Xv^Qov, Xv^Qov, Xv^Qov, Xv^Qov, Xv^Qov, Xv^Qov, Xv^Qov, Xv^Qov
Xv^Qov, Xv^Qov, Xv^Qov, Xv^Qov, Xv^Qov, Xv^Qov, Xv^Qov, Xv^Qov, Xv^Qov, Xv^Qov, Xv^Qov, Xv^Qov, Xv^Qov, Xv^Qov, Xv^Qov, Xv^Qov, Rr, Rr, Wwt, Wwt, Wwt, Rr, Xv^Qov, Xv^Qov, Xv^Qov, Xv^Qov, Xv^Qov, Xv^Qov, Xv^Qov, Xv^Qov, Xv^Qov
Xv^Qov, Xv^Qov, Xv^Qov, Xv^Qov, Xv^Qov, Xv^Qov, Xv^Qov, Xv^Qov, Xv^Qov, Xv^Qov, Xv^Qov, Xv^Qov, Xv^Qov, Xv^Qov, Rr, Rr, Wwt, Wwt, Wwt, Wwt, Wwt, Wwt, Rr, Xv^Qov, Xv^Qov, Xv^Qov, Xv^Qov, Xv^Qov, Xv^Qov, Xv^Qov, Xv^Qov
Xv^Qov, Xv^Qov, Xv^Qov, Xv^Qov, Xv^Qov, Xv^Qov, Xv^Qov, Xv^Qov, Xv^Qov, Xv^Qov, Xv^Qov, Xv^Qov, Rr, Rr, Rr, Rr, Rr, Wwt, Wwt, Wwt, Rr, Rr, Xv^Qov, Xv^Qov, Xv^Qov, Xv^Qov, Xv^Qov, Xv^Qov, Xv^Qov, Xv^Qov, Xv^Qov
Xv^Qov, Xv^Qov, Xv^Qov, Xv^Qov, Xv^Qov, Xv^Qov, Xv^Qov, Xv^Qov, Rr, Xv^Qov, Rr, Rr, Rr, Rr, Xv^Qov, Xv^Qov, Rr, Rr, Rr, Rr, Xv^Qov, Xv, Xv^Qov, Xv^Qov, Xv^Qov, Xv^Qov, Xv^Qov, Xv^Qov, Xv^Qov, Xv^Qov, Xv^Qov
Xv^Qov, Xv^Qov, Xv^Qov, Xv^Qov, Xv^Qov, Xv^Qov, Xv^Qov, Xv^Qov, Xv^Qov, Rr, Rr, Rr, Xv^Qov, Xv^Qov, Rr, Rr, Rr, Rr, Xv^Qov, Xv^Qov, Xv^Qov, Xv^Qov, Xv^Qov, Xv^Qov, Xv^Qov, Xv^Qov, Xv^Qov, Xv^Qov, Xv^Qov, Xv^Qov, Xv^Qov
Xv^Qov, Xv^Qov, Xv^Qov, Xv^Qov, Xv^Qov, Xv^Qov, Xv^Qov, Xv^Qov, Xv^Qov, Xv^Qov, Xv^Qov, Xv^Qov, Rr, Rr, Xv^Qov, Rr, Xv^Qov, Xv^Qov, Xv^Qov, Xv^Qov, Xv^Qov, Xv^Qov, Xv^Qov, Xv^Qov, Xv^Qov, Xv^Qov, Xv^Qov, Xv^Qov, Xv^Qov, Xv^Qov, Xv^Qov
Xv^Qov, Xv^Qov, Xv^Qov, Xv^Qov, Xv^Qov, Xv^Qov, Xv^Qov, Xv^Qov, Xv^Qov, Xv^Qov, Xv^Qov, Rr, Xv^Qov, Xv^Qov, Rr, Rr, Rr, Xv^Qov, Xv^Qov, Xv^Qov, Xv^Qov, Xv^Qov, Xv^Qov, Xv^Qov, Xv^Qov, Xv^Qov, Xv^Qov, Xv^Qov, Xv^Qov, Xv^Qov, Xv^Qov
Xv^Qov, Xv^Qov, Xv^Qov, Xv^Qov, Xv^Qov, Xv^Qov, Xv^Qov, Xv^Qov, Xv^Qov, Xv^Qov, Xv^Qov, Xv^Qov, Rr, Rr, Xv^Qov, Rr, Xv^Qov, Xv^Qov, Xv^Qov, Xv^Qov, Xv^Qov, Xv^Qov, Xv^Qov, Xv^Qov, Xv^Qov, Xv^Qov, Xv^Qov, Xv^Qov, Xv^Qov, Xv^Qov, Xv^Qov
Xv^Qov, Xv^Qov, Xv^Qov, Xv^Qov, Xv^Qov, Xv^Qov, Xv^Qov, Xv^Qov, Xv^Qov, Xv^Qov, Rr, Rr, Rr, Rr, Xv^Qov, Xv^Qov, Xv^Qov, Xv^Qov, Rr^Cov, Rr^Cov, Rr^Cov, Xv^Qov, Xv^Qov, Xv^Qov, Xv^Qov, Xv^Qov, Xv^Qov, Xv^Qov, Rr, Rr, Xv^Qov
Xv^Qov, Xv^Qov, Xv^Qov, Xv^Qov, Xv^Qov, Xv^Qov, Xv^Qov, Xv^Qov, Xv^Qov, Xv^Qov, Xv^Qov, Rr, Rr, Rr, Rr, 1 Rr, Rr, Rr, Rr^Cov, Rr^Kov, Rr^Cov, Rr, Xv^Qov, Xv^Qov, Xv^Qov, Xv^Qov, Rr, Rr, Xv^Qov, Xv^Qov, Xv^Qov
Xv^Qov, Xv^Qov, Xv^Qov, Xv^Qov, Xv^Qov, Xv^Qov, Xv^Qov, Xv^Qov, Xv^Qov, Xv^Qov, Xv^Qov, Xv^Qov, Rr, Rr, Rr, Rr, Xv^Qov, Rr, Xv^Qov, Rr^Cov, Xv^Qov, Xv^Qov, Xv^Qov, Xv^Qov, Rr, Rr, Xv^Qov, Rr, Rr, Rr, Xv^Qov
Xv^Qov, Xv^Qov, Xv^Qov, Xv^Qov, Xv^Qov, Xv^Qov, Xv^Qov, Xv^Qov, Xv^Qov, Xv^Qov, Xv^Qov, Xv^Qov, Xv^Qov, Xv^Qov, Rr, Xv^Qov, Xv^Qov, Rr, Xv^Qov, 2 Xv^Qov, Xv^Qov, Xv^Qov, Rr, Rr, Xv^Qov, Xv^Qov, Rr, Rr, Xv^Qov, Xv^Qov, Xv^Qov
Xv^Qov, Xv^Qov, Xv^Qov, Xv^Qov, Xv^Qov, Xv^Qov, Xv^Qov, Xv^Qov, Xv^Qov, Xv^Qov, Xv^Qov, Xv^Qov, Xv^Qov, Rr, Rr, Rr, Rr, Rr, Rr, Rr, Rr, Rr, Rr, Rr, Rr, Rr, Xv^Qov, Xv^Qov, Xv^Qov, Xv^Qov, Xv^Qov
Xv^Qov, Xv^Qov, Xv^Qov, Xv^Qov, Xv^Qov, Xv^Qov, Xv^Qov, Xv^Qov, Xv^Qov, Xv^Qov, Xv^Qov, Xv^Qov, Xv^Qov, Xv^Qov, Xv^Qov, Rr, Rr, Rr, Xv^Qov, Xv^Qov, Rr, Rr, Xv^Qov, Rr, Xv^Qov, Xv^Qov, Xv^Qov, Xv^Qov, Xv^Qov, Xv^Qov, Xv^Qov
Xv^Qov, Xv^Qov, Xv^Qov, Xv^Qov, Xv^Qov, Xv^Qov, Xv^Qov, Xv^Qov, Rr, Rr, Xv^Qov, Xv^Qov, Xv^Qov, Xv^Qov, Xv^Qov, Xv^Qov, Xv^Qov, Xv^Qov, Rr, Rr, Rr, Xv^Qov, Xv^Qov, Xv^Qov, Xv^Qov, Xv^Qov, Xv^Qov, Xv^Qov, Xv^Qov, Xv^Qov, Xv^Qov
Xv^Qov, Xv^Qov, Xv^Qov, Xv^Qov, Xv^Qov, Xv^Qov, Rr, Rr, Rr, Rr, Xv^Qov, Xv^Qov, Xv^Qov, Xv^Qov, Xv^Qov, Xv^Qov, Xv^Qov, Rr, Rr, Rr, Xv^Qov, Xv^Qov, Xv^Qov, Xv^Qov, Xv^Qov, Xv^Qov, Xv^Qov, Xv^Qov, Xv^Qov, Xv^Qov, Xv^Qov
Xv^Qov, Xv^Qov, Xv^Qov, Xv^Qov, Rr, Rr, Rr, Rr, Rr, Rr, Rr, Xv^Qov, Xv^Qov, Xv^Qov, Xv^Qov, Xv^Qov, Rr, Rr, Xv^Qov, Xv^Qov, Xv^Qov, Xv^Qov, Xv^Xo, Xv^Qov, Xv^Qov, Xv^Qov, Xv^Qov, Xv^Qov, Xv^Qov, Xv^Qov, Xv^Qov
Xv^Qov, Xv^Qov, Xv^Qov, Rr, Rr, Rr, Rr, Rr, Rr, Rr, Rr, Rr, Rr, Xv^Qov, Xv^Qov, Xv^Qov, Rr, Rr, Xv^Qov, Xv^Qov, Xv^Xo, Xv^Xo, Xv^Xo, Xv^Qov, Xv^Qov, Xv^Qov, Xv^Qov, Xv^Qov, Xv^Qov, Xv^Qov, Xv^Qov
Xv^Qov, Xv^Qov, Xv^Qov, Rr, Rr, Rr, Rr, Rr, Rr, Rr, Rr, Rr, Rr, Rr, Rr, Rr, Rr, Xv^Qov, Xv^Xo, Xv^Xo, Xv^Xo, Xv^Qov, Xv^Xo, Xv^Qov, Xv^Qov, Xv^Qov, Xv^Qov, Xv^Qov, Xv^Qov, Xv^Qov, Xv^Qov
Xv^Qov, Xv^Qov, Rr, Rr, Rr, Rr, Rr, Rr, Rr, Rr, Rr, Rr, Rr, Rr, Rr, Rr, Xv^Xo, Xv^Xo, Xv^Xo, Xv^Xo, Xv^Qov, Xv^Qov, Xv^Xo, Xv^Qov, Xv^Qov, Xv^Qov, Xv^Qov, Xv^Qov, Xv^Qov, Xv^Qov, Xv^Qov
Xv^Qov, Xv^Qov, Rr, Rr, Rr, Rr, Rr, Rr, Rr, Rr, Rr, Rr, Rr, Rr, Xv^Xo, Xv^Xo, Xv^Xo, Xv^Xo, Xv^Qov, Xv^Qov, Xv^Qov, Xv^Qov, Xv^Xo, Xv^Qov, Xv^Qov, Xv^Qov, Xv^Qov, Xv^Qov, Xv^Qov, Xv^Qov, Xv^Qov
Xv^Qov, Xv^Qov, Xv^Qov, Xv^Qov, Rr, Rr, Xv^Qov, Xv^Qov, Rr, Rr, Xv^Qov, Xv^Qov, Xv^Xo, Xv^Xo, Xv^Xo, Xv^Xo, Xv^Qov, Xv^Qov, Xv^Qov, Xv^Qov, Xv^Qov, Xv^Qov, Xv^Xo, Xv^Qov, Xv^Qov, Xv^Qov, Xv^Qov, Xv^Qov, Xv^Qov, Xv^Qov, Xv^Qov
Xv^Qov, Xv^Qov, Xv^Qov, Xv^Qov, Rr, Rr, Xv^Qov, Xv^Qov, Rr, Rr, Xv^Qov, Xv^Qov, Xv^Xo, Xv^Xo, Xv^Qov, Xv^Qov, Xv^Qov, Xv^Qov, Xv^Qov, Xv^Qov, Xv^Qov, Xv^Qov, Xv^Xo, Xv^Qov, Xv^Qov, Xv^Qov, Xv^Qov, Xv^Qov, Xv^Qov, Xv^Qov, Xv^Qov
Xv^Qov, Xv^Qov, Rr, Rr, Rr, Rr, Rr, Rr, Rr, Rr, Rr, Rr, Xv^Xo, Xv^Qov, Xv^Qov, Xv^Qov, Xv^Qov, Xv^Qov, Xv^Qov, Xv^Qov, Xv^Qov, Xv^Qov, Xv^Qov, Xv^Qov, Rr, Xv^Qov, Xv^Qov, Xv^Qov, Xv^Qov, Xv^Qov, Xv^Qov
Xv^Qov, Xv^Qov, Xv^Qov, Xv^Qov, Xv^Qov, Rr, Rr, Rr, Rr, Rr, Rr, Rr, Xv^Xo, Xv^Qov, Xv^Qov, Xv^Qov, Xv^Qov, Xv^Qov, Xv^Qov, Xv^Qov, Xv^Qov, Xv^Qov, Xv^Qov, Rr, Rr, Rr, Xv^Qov, Xv^Qov, Xv^Qov, Xv^Qov, Xv^Qov
Xv^Qov, Xv^Qov, Xv^Qov, Xv^Qov, Xv^Qov, Xv^Qov, Xv^Qov, Rr, Rr, Rr^Qov, Rr, Rr, Xv^Xo, Xv^Qov, Xv^Qov, Xv^Qov, Xv^Qov, Xv^Qov, Xv^Qov, Xv^Qov, Xv^Qov, Xv^Qov, Xv^Qov, Xv^Qov, Xv^Qov, Rr, Rr, Xv^Qov, Xv^Qov, Xv^Qov, Xv^Qov
Xv^Qov, Xv^Qov, Xv^Qov, Xv^Qov, Xv^Qov, Xv^Qov, Xv^Qov, Rr, Rr, Rr^Qov, Rr, Rr, Xv^Xo, Xv^Qov, Xv^Qov, Xv^Qov, Xv^Qov, Xv^Qov, Xv^Qov, Xv^Qov, Xv^Qov, Xv^Qov, Xv^Qov, Xv^Qov, Xv^Qov, Xv^Qov, Xv^Qov, Xv^Qov, Xv^Qov, Xv^Qov, Xv^Qov
Xv^Qov, Xv^Qov, Xv^Qov, Xv^Qov, Xv^Qov, Xv^Qov, Xv^Qov, Rr, Rr, Rr, Rr, Rr, Xv^Xo, Xv^Qov, Xv^Qov, Xv^Qov, Xv^Qov, Xv^Qov, Xv^Qov, Xv^Qov, Xv^Qov, Xv^Qov, Xv^Qov, Xv^Qov, Xv^Qov, Xv^Qov, Xv^Qov, Xv^Qov, Xv^Qov, Xv^Qov, Xv^Qov
Xv^Qov, Xv^Qov, Xv^Qov, Xv^Qov, Xv^Qov, Xv^Qov, Xv^Qov, Rr, Rr, Rr^Qov, Rr, Rr, Xv^Xo, Xv^Qov, Xv^Qov, Xv^Qov, Xv^Qov, Xv^Qov, Xv^Qov, Xv^Qov, Xv^Qov, Xv^Qov, Xv^Qov, Xv^Qov, Xv^Qov, Xv^Qov, Xv^Qov, Xv^Qov, Xv^Qov, Xv^Qov, Xv^Qov
Xv^Qov, Xv^Qov, Xv^Qov, Xv^Qov, Xv^Qov, Xv^Qov, Xv^Qov, Rr, Rr, Rr^Qov, Rr, Rr, Xv^Xo, Xv^Qov, Xv^Qov, Xv^Qov, Xv^Qov, Xv^Qov, Xv^Qov, Xv^Qov, Xv^Qov, Xv^Qov, Xv^Qov, Xv^Qov, Xv^Qov, Xv^Qov, Xv^Qov, Xv^Qov, Xv^Qov, Xv^Qov, Xv^Qov
Xv^Qov, Xv^Qov, Xv^Qov, Xv^Qov, Xv^Qov, Xv^Qov, Xv^Qov, Rr, Rr, Rr, Rr, Rr, Xv^Xo, Xv^Qov, Xv^Qov, Xv^Qov, Xv^Qov, Xv^Qov, Xv^Qov, Xv^Qov, Xv^Qov, Xv^Qov, Xv^Qov, Xv^Qov, Xv^Qov, Xv^Qov, Xv^Qov, Xv^Qov, Xv^Qov, Xv^Qov, Xv^Qov
