border_size=1
usage=map

Ss^Fjty, Ss^Fjty, Ss^Fjty, Ss^Fjty, Ss, Ss, Ss^Fjty, Ss^Fjty, Ss^Fjty, Ss^Fjty, Ss^Fjty, Ss^Fjty, Ss^Fjty, Gg, Gs^Qov, Gg, Gg^Fjty, Ss^Fjty, Ss, Ss, Ss, Gg, Gg, Gg, Gg, Gg, Gg, Gg, Gg, Gg, Gg, Gg, Gg, Gg, Gg, Gg, Gg, Gg, Gg
Ss^Fjty, Ss^Fjty, Ss^Fjty, Ss^Yyyy, Ss^Fjty, Ss^Fjty, Ss^Fjty, Ss^Fjty, Ss^Fjty, Ss^Fjty, Ss^Fjty, Ss^Fjty, Gs^Fjty, Gg^Fjty, Gg^Fjty, Gg^Fjty, Gg^Fjty, Gg^Fjty, Gs^Fjty, Ss, Gg, Gs, Gg, Gg, Gg, Gg, Gs, Gg, Gg, Gg, Gg, Gg, Gg, Gg, Gg, Gg, Gg, Gg, Gg
Ss^Fjty, Ss, Ss^Fjty, Ss^Fjty, Ss^Fjty, Ss^Fjty, Ss^Fjty, Ss^Fjty, Ss^Fjty, Ss^Fjty, Ss^Fjty, Gg^Fjty, Gs, Ss^Fjty, Gs^Fjty, Gg^Fjty, Gg, Gg, Gg, Gs, Re^Vct, Dd^Vdt, 4 Ss, Gs, Gg, Gg, Gs, Gg^Yyyy, Gg, Gg, Gg, Gg, Gg, Gg, Gg, Gg, Gg, Gg, Ss
Ss^Fjty, Ss^Fjty, Ss^Fjty, Ss^Fjty, Ss^Fjty, Ss, Ss^Fjty, Ss^Fjty, Ss^Fjty, Ss^Fjty, Gs, Gs, Ss^Fjty, Ss^Fjty, Ss, Gg, Gg^Fjty, Gg, Gg, Ss, Ss, Ss, Ss, 1 Ss, Ss, Gs, Ss, Gs^Yyyy, Gg, Gg, Gg, Gs, Ss, Gs, Ss^Qov, Gg, Ss, Ss, Ss
Ss^Fjty, Ss^Fjty, Ss^Fjty, Ss^Fjty, Ss^Fjty, Ss^Fjty, Ss^Fjty, Ss^Fjty, Ss^Fjty, Ss^Fjty, Ss^Fjty, Ss^Fjty, Ss, Ss^Fjty, Ss^Fjty, Gs^Fjty, Ss^Fjty, Ss^Fjty, Gs^Fjty, Gg, Gs^Fjty, Ss, Ss, Gg, Ce, Gg, Gg, Gg, Dd^Vdt, Re^Vct, Ss, Ss^Qov, Ss^Qov, Ss, Gg^Xo, Ss^Qov, Ss^Qov, Ss^Qov, Ss^Qov
Ss^Fjty, Ss^Fjty, Ss^Fjty, Ss^Fjty, Rd^Fjty, Ss, Rd^Fjty, Rd^Fjty, Rd^Fjty, Ss^Fjty, Ss^Fjty, Ss^Fjty, Ss^Fjty, Ss^Fjty, Ss^Fjty, Ss^Fjty, Ss^Fjty, Ss^Fjty, Ss^Fjty, Gs^Fjty, Ss^Fjty, Ss^Fjty, Ss, Gg, Gg, Ce, Ce, Ke, Ce, Gg, Ss^Qov, Ss^Qov, Ss^Qov, Gg^Xo, Ss^Qov, Ss^Qov, Ss^Qov, Ss^Qov, Ss^Qov
Rd^Fjty, Rd^Fjty, Rd^Fjty, Rd^Fjty, Rd^Fjty, Rd^Fjty, Rd^Fjty, Rd^Fjty, Rd^Fjty, Ss^Fjty, Rd^Fjty, Ss^Fjty, Ss^Fjty, Ss^Fjty, Ss^Fjty, Ss^Fjty, Ss^Fjty, Ss^Fjty, Ss^Fjty, Ss^Fjty, Ss^Fjty, Ss^Fjty, Ss, Gg, Gg, Gg, Gg, Ce, Ss^Qov, Ss^Qov, Ss^Qov, Ss^Qov, Ss^Qov, Ss^Qov, Ss^Qov, Ss^Qov, Ss^Qov, Ss^Qov, Ss^Qov
Rd^Fjty, Rd^Fjty, Rd^Fjty, Rd^Fjty, Rd^Fjty, Rd^Fjty, Rd^Fjty, Rd^Fjty, Rd^Fjty, Rd^Fjty, Rd^Fjty, Rd^Fjty, Rd^Fjty, Ss^Fjty, Rd^Fjty, Ss^Fjty, Ss^Fjty, Ss^Fjty, Ss, Ss^Fjty, Ss, Ss, Gg, Gg, Ss, Ss^Qov, Ss^Qov, Ss^Qov, Ss^Qov, Ss^Qov, Ss^Qov, Ss^Qov, Ss^Qov, Ss^Qov, Ss^Qov, Ss^Qov, Ss^Qov, Ss^Qov, Ss^Qov
Rd^Fjty, Rd^Qov, Rd^Qov, Rd^Fjty, Rd^Qov, Rd^Fjty, Rd^Qov, Rd^Fjty, Rd^Qov, Rd^Fjty, Rd^Qov, Rd^Fjty, Rd^Fjty, Rd^Fjty, Rd^Fjty, Ss^Fjty, Gs, Ss, Gs, Gs, Gs, Ss, Ss^Qov, Ss^Qov, Ss^Qov, Ss^Qov, Ss^Qov, Ss^Qov, Ss^Qov, Ss^Qov, Ss^Qov, Ss^Qov, Ss^Qov, Ss^Qov, Ss^Qov, Ss^Qov, Ss^Qov, Ss^Qov, Ss^Qov
Rd^Qov, Rd^Qov, Rd^Qov, Rd^Qov, Rd^Qov, Rd^Qov, Rd^Qov, Rd^Qov, Rd^Qov, Rd^Qov, Rd^Qov, Rd^Qov, Rd^Qov, Rd^Fjty, Rd^Fjty, Gs, Gs, Gs, Gd, Gs, Gd, Gs, Rd^Qov, Ss^Qov, Ss^Qov, Ss^Qov, Ss^Qov, Ss^Qov, Ss^Qov, Ss^Qov, Ss^Qov, Ss^Qov, Ss^Qov, Ss^Qov, Ss^Qov, Ss^Qov, Ss^Qov, Ss^Qov, Ss^Qov
Rd^Qov, Rd^Qov, Rd^Qov, Rd^Qov, Rd^Qov, Rd^Qov, Rd^Qov, Rd^Qov, Rd^Qov, Wo, Wo, Rd^Qov, Ww, Rd^Qov, Rd^Qov, Rd^Qov, Rd^Qov, Rd^Qov, Rd^Qov, Gd, Gd, Gd^Xo, Gd^Xo, Rd^Qov, Rd^Qov, Rd^Qov, Rd^Qov, Rd^Qov, Rd^Qov, Rd^Qov, Rd^Qov, Rd^Qov, Rd^Qov, Rd^Qov, Rd^Qov, Rd^Qov, Rd^Qov, Rd^Qov, Ss^Qov
Rd^Qov, Rd^Qov, Rd^Qov, Rd^Qov, Rd^Qov, Rd^Qov, Rd^Qov, Rd^Qov, Rd^Qov, Rd^Qov, Wo, Wo, Wo, Ww, Rd^Qov, Rd^Qov, Ss^Qov, Rd^Qov, Gd, Gd^Qov, Gd^Qov, Gd, Gd, Rd^Qov, Rd^Qov, Rd^Qov, Rd^Qov, Rd^Qov, Rd^Qov, Rd^Qov, Rd^Qov, Rd^Qov, Rd^Qov, Rd^Qov, Rd^Qov, Rd^Qov, Rd^Qov, Rd^Qov, Ss^Qov
Rd^Qov, Rd^Qov, Rd^Qov, Rd^Qov, Rd^Qov, Rd^Qov, Rd^Qov, Rd^Qov, Rd^Qov, Rd^Qov, Ww, Wo, Ww^Qov, Rd^Qov, Gs^Qov, Ss^Qov, Ss^Qov, Rd^Qov, Rd, Rd, Rd, Rd, Rd, Rd^Qov, Rd^Qov, Rd^Qov, Rd^Qov, Rd^Qov, Rd^Qov, Rd^Qov, Rd^Qov, Rd^Qov, Rd^Qov, Rd^Qov, Rd^Qov, Rd^Qov, Rd^Qov, Rd^Qov, Ss^Qov
Rd^Qov, Rd^Qov, Rd^Qov, Rd^Qov, Rd^Qov, Rd^Qov, Rd^Qov, Rd^Qov, Rd^Qov, Rd^Qov, Rd^Qov, Rd^Qov, Ww, Gs^Qov, Dd, Gs^Qov, Dd, Gs^Qov, Dd, Rd, Rd, Rd, Rd^Qov, Rd^Qov, Ss^Qov, Rd^Qov, Rd^Qov, Rd^Qov, Rd^Qov, Rd^Qov, Rd^Qov, Rd^Qov, Rd^Qov, Rd^Qov, Rd^Qov, Rd^Qov, Rd^Qov, Rd^Qov, Ss^Qov
Rd^Qov, Rd^Qov, Rd^Qov, Rd^Qov, Rd^Qov, Rd^Qov, Rd^Qov, Rd^Qov, Rd^Qov, Rd^Qov, Gs^Qov, Gs^Qov, Gs^Vht, Ww, Wwf, Dd, Ww, Gs^Vht, Dd, Dd, Dd, Dd, Dd, Ss, Ss^Qov, Ss^Qov, Rd^Qov, Rd^Qov, Rd^Qov, Rd^Qov, Rd^Qov, Rd^Qov, Rd^Qov, Rd^Qov, Rd^Qov, Rd^Qov, Ss^Qov, Ss^Qov, Ss^Qov
Rd^Qov, Rd^Qov, Rd^Qov, Rd^Qov, Rd^Qov, Rd^Qov, Rd^Qov, Rd^Qov, Gs^Qov, Gs^Qov, Dd, Dd, Dd, Dd, Dd, Wwf, Dd, Ww, Ww, Dd, Dd, Dd, Dd, Dd, Dd, Ss^Qov, Ss^Qov, Ss^Qov, Rd^Qov, Rd^Qov, Rd^Qov, Rd^Qov, Ss^Qov, Rd^Qov, Ss^Qov, Ss^Qov, Ss^Qov, Ss^Qov, Ss^Qov
Rd^Qov, Rd^Qov, Rd^Qov, Rd^Qov, Rd^Qov, Rd^Qov, Gs^Qov, Gs^Qov, Dd, Dd, Dd, Dd, Dd, Dd, Dd, Dd, Dd, Dd, Wwf, Dd, Dd, Dd, Dd, Dd, Gs^Vht, Ss, Ss, Ss^Qov, Ss^Qov, Ss^Qov, Ss^Qov, Ss^Qov, Ss^Fjty, Ss^Fjty, Ss^Fjty, Ss^Qov, Ss^Qov, Ss^Qov, Ss^Fjty
Rd^Qov, Rd^Qov, Rd^Qov, Rd^Qov, Gs^Qov, Gs^Qov, Dd, Dd, Dd, Dd, Dd, Dd, Dd, Dd, Dd, Dd, Dd, 2 Dd, Dd, Wwf, Dd, Ss, Ss^Fjty, Dd^Fjty, Dd, Ss, Ss, Ss, Ss, Ss^Qov, Ss, Ss^Qov, Ss^Fjty, Ss^Fjty, Ss^Fjty, Ss^Fjty, Ss^Fjty, Ss^Fjty, Ss^Fjty
Gs, Gs^Qov, Gs^Qov, Gs^Qov, Re^Vct, Dd, Dd, Dd^Do, Dd, Dd, Dd, Dd, Dd, Dd, Dd, Dd, Dd, Dd, Dd, Ww, Ss, Dd, Ss^Fjty, Ss^Fjty, Ss^Fjty, Ss, Ss, Ss, Ss, Ss, Ss, Ss^Fjty, Ss^Fjty, Ss^Fjty, Ss^Fjty, Ss^Fjty, Ss^Fjty, Ss^Fjty, Ss^Fjty
Dd, Dd, Dd^Vdt, Dd, Dd, Dd, Dd, Dd, Dd, Dd, Dd, Dd, Dd, Dd, Dd, Dd, Dd, Dd, Dd, Ww, Ss, Ss, Ss^Fjty, Ss^Fjty, Ss^Fjty, Ss^Fjty, Ss^Fjty, Ss, Ss, Ss, Ss, Ss, Cud, Ss^Fjty, Ss^Fjty, Ss^Fjty, Ss^Fjty, Ss^Fjty, Ss^Fjty
Dd, Dd, Dd, Dd, Dd, Dd, Dd, Dd, Dd^Esd, Dd, Dd, Dd, Dd, Dd, Dd^Esd, Dd, Dd, Dd, Dd, Wwf, Ww, Ss, Ss, Ss^Fjty, Ss^Fjty, Ss^Fjty, Ss, Ss, Ss, Ss, Ss, Ss, Cud, Ss, Cud, Ss, Cud, Ss, Ss
Dd, Dd, Dd^Vdt, Dd^Vdt, Dd, Dd, Dd, Dd, Dd, Dd, Dd, Dd, Dd, Dd^Do, Dd, Dd, Dd, Dd, Dd, Gs^Vht, Rd^Qov, Ww, Ww, Ss, Ss, Ss, Ss, Ss, Ss, Ss, Ss, Cud, Ss, Cud, Kud, Cud, Ss, Cud, Ss
Dd, Dd, Dd, Dd, Dd, Dd, Dd, Dd, Re^Vct, Dd, Dd, Dd, Rd^Qov, Rd^Qov, Rd^Qov, Rd^Qov, Rd^Qov, Dd, Rd^Qov, Rd^Qov, Ss^Qov, Ss^Qov, Ss^Qov, Ww, Ww, Ww, Ww, Ss, Ww, Ss, Ss, Ss, Ss, Cud, Cud, Cud, Ss, Ss, Ss
Dd, Dd, Ce, Ce, Ce, Dd, Dd, Dd, Dd, Dd, Rd^Qov, Rd^Qov, Rd^Qov, Rd^Qov, Rd^Qov, Rd^Qov, Rd^Qov, Rd^Qov, Rd^Qov, Rd^Qov, Ss^Qov, Ss^Qov, Ss^Qov, Ss^Qov, Ss, Ww, Ss^Vm, Ww, Ss, Ww, Ww^Bw/, Ss, Ss, Ss, Cud, Ss, Ss, Ss, Ss
Dd, Dd, Ce, 3 Ke, Ce, Ce, Dd, Dd, Dd, Dd, Rd^Qov, Rd^Qov, Rd^Qov, Rd^Qov, Rd^Qov, Rd^Qov, Rd^Qov, Rd^Qov, Ss^Qov, Ss^Qov, Ss^Qov, Ss^Qov, Ss^Qov, Ss^Qov, Ss^Qov, Ss, Ss, Ss, Ss^Fjty, Ss, Ww, Ss^Vhs, Ss, Ss, Ss, Ss, Ss, Ss^Vm, Ss
Dd, Dd, Dd, Ce, Dd, Dd, Rd^Qov, Rd^Qov, Rd^Qov, Dd, Rd^Qov, Rd^Qov, Rd^Qov, Rd^Qov, Rd^Qov, Rd^Qov, Ss^Qov, Ss^Qov, Ss^Qov, Ss^Qov, Ss^Qov, Ss^Qov, Ss^Qov, Ss^Qov, Ss^Qov, Ss, Ss, Ss^Fjty, Ss^Fjty, Ss^Fjty, Ss, Ww, Ww, Ss, Ss, Ss, Ww^Bw/, Ss, Ss
Dd, Dd, Dd, Dd, Rd^Qov, Rd^Qov, Rd^Qov, Rd^Qov, Rd^Qov, Rd^Qov, Rd^Qov, Rd^Qov, Rd^Qov, Rd^Qov, Ss^Qov, Ss^Qov, Ss^Qov, Ss^Qov, Ss^Qov, Ss^Qov, Ss^Qov, Ss^Qov, Ss^Qov, Ss^Qov, Ss, Ss^Vhs, Ss^Fjty, Ss^Fjty, Ss^Fjty, Ss^Fjty, Ss^Fjty, Ss^Fjty, Ss, Ww, Ww, Ww, Ss^Fjty, Ww, Ww^Fjty
Dd, Dd, Rd^Qov, Rd^Qov, Rd^Qov, Rd^Qov, Rd^Qov, Rd^Qov, Rd^Qov, Rd^Qov, Rd^Qov, Rd^Qov, Rd^Qov, Ss^Qov, Ss^Qov, Ss^Qov, Ss^Qov, Ss^Qov, Ss^Qov, Ss^Qov, Ss^Qov, Ss^Qov, Ss, Ss^Vhs, Ss, Ss^Fjty, Ss^Fjty, Ss^Fjty, Ss^Fjty, Ss^Fjty, Ss, Ss^Fjty, Ss^Fjty, Ww^Ewf, Ww^Ewl, Ss^Fjty, Ss^Fjty, Ss^Fjty, Ss^Fjty
Dd, Rd^Qov, Rd^Qov, Rd^Qov, Rd^Qov, Rd^Qov, Rd^Qov, Rd^Qov, Rd^Qov, Rd^Qov, Rd^Qov, Rd^Qov, Ss^Qov, Ss^Qov, Ss^Qov, Ss^Qov, Ss^Qov, Ss^Qov, Ss^Qov, Ss^Qov, Ss^Qov, Ss^Qov, Ss, Ss, Ss^Vhs, Ss^Fjty, Ss^Fjty, Ss^Fjty, Ss^Fjty, Ss^Fjty, Ss^Fjty, Ss^Fjty, Ss^Fjty, Ss^Fjty, Ww^Ewl, Ss^Fjty, Ww^Fjty, Ss^Fjty, Ss^Fjty
Rd^Qov, Rd^Qov, Rd^Qov, Rd^Qov, Rd^Qov, Rd^Qov, Rd^Qov, Rd^Qov, Rd^Qov, Rd^Qov, Rd^Qov, Rd^Qov, Ss^Qov, Ss^Qov, Ss^Qov, Ss^Qov, Ss^Qov, Ss^Qov, Ss^Qov, Ss^Qov, Ss^Qov, Ss^Qov, Ss, Ss, Ss, Ss^Fjty, Ss^Fjty, Ss^Fjty, Ss^Fjty, Ss^Fjty, Ss^Fjty, Ss^Fjty, Ss^Fjty, Ss^Fjty, Ss^Fjty, Ww, Ss^Fjty, Ww^Fjty, Ww^Fjty
