border_size=1
usage=map

Qxu, Xu, Xu, Xu, Xu, Xu, Xu, Xu, Xu, Xu, Qxu, Xu, Xu, Xu, Xu, Xu, Xu, Xu, Uu, Uu, Ur, Uu, Xu, Xu, Xu, Qxu, Qxu, Qxu, Qxu, Qxu, Qxu, Qxu, Qxu, Qxu, Qxu, Qxu, Qxu, Qxu, Qxu, Qxu, Qxu, Qxu
Qxu, Qxu^Yyyy, Qxu, Qxu, Qxu, Qxu, Qxu, Qxu, Qxu, Qxu, Xu, Qxu, Qxu, Xu, Xu, Xu, Xu, Uh, Ur, Ur, Uh, Qxu, Cud, Xu, Qxu, Qxu, Qxu, Qxu, Qxu, Qxu, Qxu, Qxu, Qxu, Qxu, Qxu, Qxu, Qxu, Qxu, Qxu, Qxu, Qxu, Qxu
Qxu, Qxu, Xu, Xu, Xu, Xu, Xu, Qxu, Xu, Xu, Ur^Ey, Xu, Xu, Qxu, Qxu, Xu, Uu, Uh, Ur, Uh, Qxu, Qxu, Qxu^Bs|, Qxu^Bs\, Qxu^Bs\, Qxu, Qxu, Qxu, Qxu, Qxu, Qxu, Qxu, Qxu, Qxu, Qxu, Qxu, Qxu, Qxu, Qxu, Qxu, Qxu, Qxu
Xu, Xu, Xu, Xu, Xu, Xu, Xu, Xu, Xu, Xu, Xu, Ur, Ur, Qxu, Qxu, Qxu, Uu, Ur, Uu, Uh, Qxu, Qxu, Ur, Qxu, Qxu, Cud, Qxu, Qxu, Qxu, Qxu, Qxu, Qxu, Qxu, Qxu, Qxu, Qxu, Qxu, Qxu, Qxu, Qxu, Qxu, Qxu
Xu, Xu, Xu, Xu, Xu, Xu, Xu, Xu, Xu, Ur, Xu, Xu, Qxu, Ur, Cud, Uu^Vu, Qxu, Ur, Uu^Uf, Qxu, Uh, Qxu^Bs/, Qxu, Qxu, Qxu^Bs/, Ur, Qxu, Qxu, Qxu, Qxu, Qxu, Qxu, Qxu, Qxu, Qxu, Qxu, Qxu, Qxu, Qxu, Qxu, Qxu, Qxu
Xu, Xu, Xu, Xu, Xu, Xu, Xu, Xu, Xu, Xu, Xu, Xu, Qxu, Qxu, Kud, Qxu, Ur, Qxu, Qxu, Uh, Qxu, Qxu, Ur, Qxu^Bs/, Qxu, Qxu, Qxu, Qxu, Qxu, Qxu, Qxu, Qxu, Qxu, Qxu, Qxu, Qxu, Qxu, Qxu, Qxu, Qxu, Qxu, Qxu
Xu, Xu, Ur, Ur, Ur, Xu, Uu, Xu, Xu, Xu, Xu, Xu, Uu, Uu^Vu, Ur, Cud, Qxu, Qxu, Qxu, Qxu, Ur, Qxu^Bs/, Qxu, Qxu, Ko, Qxu, Qxu, Qxu, Qxu, Qxu, Qxu, Qxu, Qxu, Qxu, Qxu, Qxu, Qxu, Qxu, Qxu, Qxu, Qxu, Qxu
Ur, Ur, Xu, Xu, Xu, Ur, Ur, Ur, Ur, Ur, Ur, Ur, Ur, Ur, Uu, Qxu, Qxu, Qxu, Xu, Qxu, Cud, Qxu, Uu, Qxu^Bs/, Qxu, Qxu, Qxu, Qxu, Qxu, Qxu, Qxu, Qxu, Qxu, Qxu, Qxu, Qxu, Qxu, Qxu, Qxu, Qxu, Qxu, Qxu
Xu, Xu, Xu, Xu, Xu, Xu, Xu, Uh, Uh, Uu, Qxu, Uu^Uf, Qxu, Uu, Ur, Ur, Ur, Qxu, Xu, Qxu, Qxu, Qxu^Bs\, Ur, Qxu, Qxu, Qxu, Qxu, Qxu, Qxu, Qxu, Qxu, Qxu, Qxu, Qxu, Qxu, Qxu, Qxu, Qxu, Qxu, Qxu, Qxu, Qxu
Xu, Xu, Xu, Xu, Qxu, Qxu, Qxu, Qxu, Qxu, Qxu, Qxu, Qxu, Qxu, Qxu, Qxu, Ur, Ur, Qxu, Xos, Xu, Xu, Qxu, Qxu, Qxu^Bs\, Cud, Qxu, Qxu, Qxu, Qxu, Qxu, Qxu, Qxu, Qxu, Qxu, Qxu, Qxu, Qxu, Qxu, Qxu, Qxu, Qxu, Qxu
Xu, Xu, Xu, Xu, Qxu, Qxu, Qxu, Qxu, Qxu, Qxu, Qxu, Qxu, Qxu, Qxu, Qxu, Ur, Ur, Qxu, Qxu, Xos, Xos, Xu, Xu, Qxu, Uu, Qxu, Qxu, Qxu, Qxu, Qxu, Qxu, Qxu, Qxu, Qxu, Qxu, Qxu, Qxu, Qxu, Qxu, Qxu, Qxu, Qxu
Xu, Xu, Xu, Xu, Xu, Xu, Xu, Xu, Xu, Qxu, Qxu, Qxu, Qxu, Qxu, Qxu, Qxu, Qxu, Ur, Ur, Qxu, Qxu, Xos, Qxu, Xu, Ur, Qxu, Qxu, Qxu, Qxu, Qxu, Qxu, Qxu, Qxu, Qxu, Qxu, Qxu, Qxu, Qxu, Qxu, Qxu, Qxu, Qxu
Xu, Xu, Xu, Xu, Xu, Xu, Xu, Xu, Uh, Uu, Uu, Qxu, Qxu, Qxu, Qxu, Qxu, Qxu, Qxu, Qxu, Ur, Ur, Qxu, Ur, Ur, Qxu, Qxu, Qxu, Qxu, Qxu, Qxu, Qxu, Qxu, Qxu, Qxu, Qxu, Qxu, Qxu, Qxu, Qxu, Qxu, Qxu, Qxu
Xu, Xu, Xu, Xu, Uu, Xu, Ur^Ey, Xu, Uh, Ur, Ur, Uu, Uu, Qxu, Qxu, Qxu, Qxu, Qxu, Qxu, Ur, Uu, Ur, Ur, Ur, Qxu, Qxu, Qxu, Qxu, Qxu, Qxu, Qxu, Qxu, Qxu, Qxu, Qxu, Qxu, Qxu, Qxu, Qxu, Qxu, Qxu, Qxu
Qxu, Xu, Qxu, Qxu, Uu, Uh, Ur, Uu^Uf, Ur, Ur, Uu, Ur, Ur, Qxu, Qxu, Qxu, Uu, Qxu, Ur, Ur, Uu, Uu, Qxu, Qxu, Qxu, Qxu, Qxu, Qxu, Qxu, Qxu, Qxu, Qxu, Qxu, Qxu, Qxu, Qxu, Qxu, Qxu, Qxu, Qxu, Qxu, Qxu
Qxu, Qxu, Qxu, Uu, Uu, Uh, Ur, Ur, Uu, Uu, Qxu, Ur, Uu^Vu, Ur, Uh, Uh, Ur, Ur, Uu, Uu, Uu, Qxu, Qxu, Qxu, Qxu, Qxu, Qxu, Qxu, Qxu, Qxu, Qxu, Qxu, Qxu, Qxu, Qxu, Qxu, Qxu, Qxu, Qxu, Qxu, Qxu, Qxu
Qxu, Qxu, Qxu, Uu, Uu, Ur, Qxu, Uu, Qxu, Qxu, Qxu, Qxu, Uu, Cud, Kud, Uu^Uf, Ur, Ur, Qxu, Uh, Qxu, Qxu, Qxu, Qxu, Qxu, Qxu, Qxu, Qxu, Qxu, Qxu, Qxu, Qxu, Qxu, Qxu, Qxu, Qxu, Qxu, Qxu, Qxu, Qxu, Qxu, Qxu
Qxu, Qxu, Qxu, Qxu, Qxu, Qxu, Qxu, Qxu, Xu, Qxu, Qxu, Qxu, Qxu, Uu^Vu, Uh, Cud, Ur, Qxu, Qxu, Qxu, Qxu, Qxu, Qxu, Qxu, Xu, Xu, Xu, Qxu, Qxu, Qxu, Qxu, Qxu, Qxu, Qxu, Qxu, Qxu, Qxu, Qxu, Qxu, Qxu, Qxu, Qxu
Qxu, Qxu, Qxu, Qxu, Qxu, Qxu, Xu, Xu, Uu, Xu, Xu, Qxu, Qxu, Uu, Dd^Do, Ur, Uu, Qxu, Qxu, Qxu, Qxu, Qxu, Xu, Xu, Xos, Xos, Qxu, Qxu, Qxu, Qxu, Qxu, Qxu, Qxu, Qxu, Qxu, Qxu, Qxu, Qxu, Qxu, Qxu, Qxu, Qxu
Qxu, Qxu, Xu, Qxu, Xu, Qxu, Uu, Uu, Uu, Xu, Xu, Qxu, Uh, Uu, Ur, Ur, Ur, Uu, Qxu, Qxu, Qxu, Qxu, Xu, Xos, Qxu, Qxu, Xos, Xu, Qxu, Qxu, Qxu, Qxu, Qxu, Qxu, Qxu, Qxu, Qxu, Qxu, Qxu, Qxu, Qxu, Qxu
Qxu, Xu, Xu, Xu, Xu, Xu, Xu, Xu, Xu, Xu, Qxu, Uh, Uu, Ur, Ur, Ur, Ur, Ur, Uu, Qxu, Uu, Qxu, Qxu^Bs/, Uu, Uu, Xos, Xu, Xu, Qxu, Qxu, Qxu, Qxu, Qxu, Qxu, Qxu, Qxu, Qxu, Qxu, Qxu, Qxu, Qxu, Qxu
Qxu, Xu, Xu, Uu, Ur, Xu, Xu, Qxu, Qxu, Qxu, Qxu^Bs/, Uh, Ur, Ur, Uu^Uf, Qxu, Uu, Ur, Ur, Uu, Ur, Ur, Qxu, Qxu, Qxu, Qxu, Qxu, Qxu, Qxu, Qxu, Qxu, Qxu, Qxu, Qxu, Qxu, Qxu, Qxu, Qxu, Qxu, Qxu, Qxu, Qxu
Xu, Xu, Xu, Ur, Ur, Xu, Ur, Cud, Cud, Cud, Qxu, Qxu, Qxu, Uu, Uu, Uu^Xo, Uu^Uf, Uh, Uu, Ur, Uu, Uu, Qxu, Qxu, Qxu, Qxu, Qxu, Qxu, Qxu, Qxu, Qxu, Qxu, Qxu, Qxu, Qxu, Qxu, Qxu, Qxu, Qxu, Qxu, Qxu, Qxu
Xu, Xu, Xu, Xu, Xu, Ur, Xu, Xu, Xu, Qxu, Qxu, Qxu, Qxu, Uu, Uu^Uf, Uu^Uf, Uh, Uh, Ur, Ur, Qxu, Qxu, Qxu, Qxu, Qxu, Qxu, Qxu, Qxu, Qxu, Qxu, Qxu, Qxu, Qxu, Qxu, Qxu, Qxu, Qxu, Qxu, Qxu, Qxu, Qxu, Qxu
Xu, Xu, Xu, Xu, Xu, Xu, Xu, Xu, Xu, Xu, Qxu, Qxu, Qxu, Uu, Uu^Uf, Ur, Ur, Ur, Ur, Ur, Qxu, Qxu, Qxu, Qxu, Qxu, Qxu, Qxu, Qxu, Qxu, Qxu, Qxu, Qxu, Qxu, Qxu, Qxu, Qxu, Qxu, Qxu, Qxu, Qxu, Qxu, Qxu
Xu, Xu, Xu, Xu, Xu, Xu, Uu^Ey, Uh, Uu^Uf, Xu, Xu, Qxu, Qxu, Uu, Cud, Ur, Ur, Ur, Qxu, Qxu, Qxu, Qxu, Qxu, Qxu, Qxu, Qxu, Qxu, Qxu, Qxu, Qxu, Qxu, Qxu, Qxu, Qxu, Qxu, Qxu, Qxu, Qxu, Qxu, Qxu, Qxu, Qxu
Xu, Xu, Xu, Ur, Xu, Xu, Uu^Uf, Uu, Uu, Uu^Uf, Uu, Qxu, Uu, Uu^Vu, Kud, Ur, Uu^Vu, Qxu, Qxu, Qxu, Qxu, Qxu, Qxu, Qxu, Qxu, Qxu, Qxu, Qxu, Qxu, Qxu, Qxu, Qxu, Qxu, Qxu, Qxu, Qxu, Qxu, Qxu, Qxu, Qxu, Qxu, Qxu
Xu, Xu, Xu, Ur, Ur, Xu, Ur, Uu, Qxu, Ur, Ur, Uu, Ur, Cud, Ur, Cud, Ur, Uu, Qxy, Qxu, Qxu, Qxu, Qxu, Qxu, Qxu, Qxu, Qxu, Qxu, Qxu, Qxu, Qxu, Qxu, Qxu, Qxu, Qxu, Qxu, Qxu, Qxu, Qxu, Qxu, Qxu, Qxu
Xu, Xu, Xu, Uu, Uu, Ur, Uu, Ur, Ur, Ur, Uu, Ur, Ur, Ur, Uu, Uu, Ur, Ur, Qxy, Qxy, Qxy, Qxu, Qxu, Qxu, Qxu, Qxu, Qxu, Qxu, Qxu, Qxu, Qxu, Qxu, Qxu, Qxu, Qxu, Qxu, Qxu, Qxu, Qxu, Qxu, Qxu, Qxu
Xu, Xu, Xu, Uu, Xu, Xu, Xu, Xu, Xu, Uu, Xu, Xu, Ur, Uu, Qxu, Uu, Ur, Ur, Qxy, Qxy, Qxy, Qxu, Qxu, Qxu, Qxu, Qxu, Qxu, Qxu, Qxu, Qxu, Qxu, Qxu, Qxu, Qxu, Qxu, Qxu, Qxu, Qxu, Qxu, Qxu, Qxu, Qxu
Xu, Xu, Xu, Xu, Xu, Xu, Xu, Xu, Xu, Xu, Xu, Xu, Qxu^Bs|, Qxu, Qxu, Uu, Dd^Do, Uu, Qxy, Qxy, Qxy, Qxu, Qxu, Qxu, Qxu, Qxu, Qxu, Qxu, Qxu, Qxu, Qxu, Qxu, Qxu, Qxu, Qxu, Qxu, Qxu, Qxu, Qxu, Qxu, Qxu, Qxu
Xu, Xu, Xu, Xu, Qxu, Xu, Qxu, Xu, Xu, Xu, Xu, Qxu, Qxu, Qxu, Qxu, Uu, Uu, Uu, Qxy, Qxy, Qxy, Qxu, Qxu, Qxu, Qxu, Qxu, Qxu, Qxu, Qxu, Qxu, Qxu, Qxu, Qxu, Qxu, Qxu, Qxu, Qxu, Qxu, Qxu, Qxu, Qxu, Qxu
Xu, Xu, Xu, Qxu, Qxu, Qxu, Qxu, Qxu, Xu, Xu, Xu, Qxu, Qxu, Qxu, Qxu, Qxu, Qxu, Qxu, Qxy, Qxy, Qxy, Qxu, Qxu, Qxu, Qxu, Qxu, Qxu, Qxu, Qxu, Qxu, Qxu, Qxu, Qxu, Qxu, Qxu, Qxu, Qxu, Qxu, Qxu, Qxu, Qxu, Qxu
Xu, Xu, Xu, Xu, Xu, Qxu, Qxu, Qxu, Qxu, Xu, Qxu, Qxu, Qxu^Bs|, Qxu, Xu, Qxu, Qxu, Qxu, Qxy, Qxy, Qxy, Qxu, Qxu, Qxu, Qxu, Qxu, Qxu, Qxu, Qxu, Qxu, Qxu, Qxu, Qxu, Qxu, Qxu, Qxu, Qxu, Qxu, Qxu, Qxu, Qxu, Qxu
Xu, Xu, Xu, Xu, Xu, Xu, Xu, Xu, Xu, Qxu, Qxu, Qxu, Ur, Xu, Xu, Xu, Qxu, Qxu, Qxy, Qxy, Qxy, Qxu, Qxu, Qxu, Qxu, Qxu, Qxu, Qxu, Qxu, Qxu, Qxu, Qxu, Qxu, Qxu, Qxu, Qxu, Qxu, Qxu, Qxu, Qxu, Qxu, Qxu
Xu, Xu, Xu, Xu, Xu, Xu, Xu, Xu, Xu, Xu, Uu, Uu, Ur, Xu, Xu, Xu, Qxu, Qxu, Qxy, Qxy, Qxy, Qxu, Qxu, Qxu, Qxu, Qxu, Qxu, Qxu, Qxu, Qxu, Qxu, Qxu, Qxu, Qxu, Qxu, Qxu, Qxu, Qxu, Qxu, Qxu, Qxu, Qxu
Xu, Xu, Xu, Xu, Xu, Xu, Xu, Xu, Xu, Xu, Uu, Uh, Ur, Uu, Uu, Uu^Uf, Uu, Qxu, Ur, Qxy, Qxy, Qxu, Qxu, Qxu, Qxu, Qxu, Qxu, Qxu, Qxu, Qxu, Qxu, Qxu, Qxu, Qxu, Qxu, Qxu, Qxu, Qxu, Qxu, Qxu, Qxu, Qxu
Xu, Xu, Xu, Xu, Xu, Xu, Xu, Xu, Xu, Xu, Uh, Uh, Uu^Uf, Ur, Ur, Uu, Uu, Uh, Ur, Ur, Uu, Qxu, Qxu, Qxu, Qxu, Qxu, Qxu, Qxu, Qxu, Qxu, Qxu, Qxu, Qxu, Qxu, Qxu, Qxu, Qxu, Qxu, Qxu, Qxu, Qxu, Qxu
Xu, Xu, Xu, Xu, Xu, Xu, Xu, Xu, Xu, Xu, Xu, Uu^Uf, Uu, Uu, Ur, Ur, Ur, Ur, Ur, Uu, Uu, Qxu, Qxu, Qxu, Qxu, Qxu, Qxu, Qxu, Qxu, Qxu, Qxu, Qxu, Qxu, Qxu, Qxu, Qxu, Qxu, Qxu, Qxu, Qxu, Qxu, Qxu
Xu, Xu, Xu, Xu, Xu, Xu, Xu, Xu, Xu, Xu, Uu, Uh, Uu, Dd^Do, Ur, Ur, Ur, Qxu, Uu, Uu, Uu, Qxu, Qxu, Qxu, Qxu, Qxu, Qxu, Qxu, Qxu, Qxu, Qxu, Qxu, Qxu, Qxu, Qxu, Qxu, Qxu, Qxu, Qxu, Qxu, Qxu, Qxu
Xu, Xu, Xu, Xu, Xu, Xu, Uu, Uh, Uu, Uu, Ce, Ur, Ur, Ur, Qxu, Qxu, Qxu, Uu, Qxu, Qxu, Qxu, Qxu, Qxu, Qxu, Qxu, Qxu, Qxu, Qxu, Qxu, Qxu, Qxu, Qxu, Qxu, Qxu, Qxu, Qxu, Qxu, Qxu, Qxu, Qxu, Qxu, Qxu
Xu, Xu, Xu, Xu, Xu, Xu, Xu, Uu, Uu, Ce, 1 Ke, Ce, Ur, Uu, Uu, Qxu, Qxu, Qxu, Qxu, Qxu, Qxu, Qxu, Qxu, Qxu, Qxu, Qxu, Qxu, Qxu, Qxu, Qxu, Qxu, Qxu, Qxu, Qxu, Qxu, Qxu, Qxu, Qxu, Qxu, Qxu, Xu, Xu
Xu, Xu, Xu, Xu, Xu, Xu, Xu, Uu, Re^Vct, Ce, Ce, Ce, Ur, Uu, Uu, Qxu, Qxu, Qxu, Qxu, Qxu, Qxu, Qxu, Qxu, Qxu, Qxu, Qxu, Qxu, Qxu, Qxu, Qxu, Qxu, Qxu, Qxu, Qxu, Qxu, Qxu, Qxu, Qxu, Qxu, Qxu, Xu, Xu
Xu, Xu, Xu, Xu, Xu, Xu, Xu, Xu, Uu, Uu, Ur, Ur, Uu, Uu, Qxu, Qxu, Qxu, Qxu, Qxu, Qxu, Qxu, Qxu, Qxu, Qxu, Qxu, Qxu, Qxu, Qxu, Qxu, Qxu, Qxu, Qxu, Qxu, Qxu, Qxu, Qxu, Xu, Qxu, Xu, Xu, Xu, Xu
Xu, Xu, Xu, Xu, Xu, Xu, Xu, Xu, Re^Vct, Uu, Ur, Uu, Uu, Qxu, Qxu, Qxu, Qxu, Qxu, Qxu, Qxu, Qxu, Qxu, Qxu, Qxu, Qxu, Qxu, Qxu, Qxu, Qxu, Qxu, Qxu, Qxu, Xu, Qxu, Xu, Xu, Xu, Xu, Xu, Xu, Xu, Xu
Xu, Xu, Xu, Xu, Xu, Xu, Xu, Xu, Uu, Uu, Rd, Re^Vct, Xu, Xu, Xu, Qxu, Qxu, Qxu, Qxu, Qxu, Qxu, Qxu, Qxu, Qxu, Xu, Qxu, Xu, Xu, Xu, Xu, Xu, Qxu, Xu, Xu, Xu, Xu, Xu, Xu, Xu, Xu, Xu, Xu
Xu, Xu, Xu, Xu, Xu, Xu, Xu, Xu, Rd, Rd, Dd, Rd, Rd, Xu, Xu, Xu, Xu, Xu, Xu, Xu, Xu, Qxu, Xu, Xu, Xu, Xu, Xu, Xu, Xu, Xu, Xu, Xu, Xu, Xu, Xu, Xu, Xu, Xu, Xu, Xu, Xu, Xu
