Xv, Xv, Xv, Xv, Xv, Xv, Xv, Xv, Xv, Xv, Xv, Xv, Xv, Xv, Xv, Xv, Xv, Xv, Xv, Xv, Xv, Xv, Xv, Xv, Xv, Xv, Xv, Xv, Xv, Xv, Xv, Xv, Xv, Xv, Xv, Xv, Xv, Xv, Xv
Xv, Xv, Xv, Xv, Xv, Xv, Xv, Xv, Xv, Xv, Xv, Xv, Xv, Xv, Xv, Xv, Xv, Xv, Xv, Xv, Xv, Xv, Xv, Xv, Xv, Xv, Xv, Xv, Xv, Xv, Xv, Xv, Xv, Xv, Xv, Xv, Xv, Xv, Xv
Xv, Xv, Xv, Xv, Xv, Xv, Xv, Xv, Xv, Xv, Xv, Xv, Xv, Xv, Xv, Xv, Xv, Xv, Xv, Xv, Xv, Xv, Xv, Xv, Xv, Xv, Xv, Xv, Xv, Xv, Xv, Xv, Xv, Xv, Xv, Xv, Xv, Xv, Xv
Xv, Xv, Xv, Xv, Xv, Xv, Xv, Xv, Xv, Xv, Xv, Xv, Xv, Xv, Xv, Xv, Xv, Xv, Xv, Xv, Xv, Xv, Xv, Xv, Xv, Xv, Xv, Xv, Xv, Xv, Xv, Xv, Xv, Xv, Xv, Xv, Xv, Xv, Xv
Xv, Xv, Xv, Xv, Xv, Xv, Xv, Xv, Xv, Xv, Xv, Xv, Xv, Xv, Xv, Xv, Xv, Xv, Xv, Xv, Xv, Xv, Xv, Xv, Xv, Xv, Xv, Xv, Xv, Xv, Xv, Xv, Xv, Xv, Xv, Xv, Xv, Xv, Xv
Xv, Xv, Xv, Xv, Xv, Xv, Xv, Xv, Xv, Xv, Xv, Xv, Xv, Xv, Xv, Xv, Xv, Xv, Xv, Xv, Xv, Xv, Xv, Xv, Xv, Xv, Xv, Xv, Xv, Xv, Xv, Xv, Xv, Xv, Xv, Xv, Xv, Xv, Xv
Xv, Xv, Xv, Xv, Xv, Xv, Xv, Xv, Xv, Xv, Xv, Xv, Xv, Xv, Xv, Xv, Xv, Xv, Xv, Xv, Xv, Xv, Xv, Xv, Xv, Xv, Xv, Xv, Xv, Xv, Xv, Xv, Xv, Xv, Xv, Xv, Xv, Xv, Xv
Xv, Xv, Xv, Xv, Xv, Xv, Xv, Xv, Xv, Xv, Xv, Xv, Xv, Xv, Xv, Xv, Xv, Xv, Xv, Xv, Xv, Xv, Xv, Xv, Xv, Xv, Xv, Xv, Xv, Xv, Xv, Xv, Xv, Xv, Xv, Xv, Xv, Xv, Xv
Xv, Xv, Xv, Xv, Xv, Xv, Xv, Xv, Xv, Xv, Xv, Xv, Xv, Xv, Xv, Xv, Xv, Xv, Xv, Xv, Xv, Xv, Xv, Xv, Xv, Xv, Xv, Xv, Xv, Xv, Xv, Xv, Xv, Xv, Xv, Xv, Xv, Xv, Xv
Xv, Xv, Xv, Xv, Xv, Xv, Xv, Xv, Xv, Xv, Xv, Xv, Xv, Xv, Xv, Xv, Xv, Xv, Xv, Xv, Xv, Xv, Xv, Xv, Xv, Xv, Xv, Xv, Xv, Xv, Xv, Xv, Xv, Xv, Xv, Xv, Xv, Xv, Xv
Xv, Xv, Xv, Xv, Xv, Xv, Xv, Xv, Xv, Xv, Xv, Xv, Xv, Xv, Xv, Xv, Xv, Xv, Xv, Xv, Xv, Xv, Xv, Xv, Xv, Xv, Xv, Xv, Xv, Xv, Xv, Xv, Xv, Xv, Xv, Xv, Xv, Xv, Xv
Xv, Xv, Xv, Xv, Xv, Xv, Xv, Xv, Xv, Xv, Xv, Xv, Xv, Xv, Xv, Xv, Xv, Xv, Xv, Xv, Rd, Xv, Xv, Xv, Xv, Xv, Xv, Xv, Xv, Xv, Xv, Xv, Xv, Xv, Xv, Xv, Xv, Xv, Xv
Xv^Xo, Xv, Xv, Xv, Xv, Xv, Xv, Xv, Xv, Xv, Xv, Xv, Xv, Xv, Xv, Xv, Dd^Xo, Dd^Xo, Xv, Rd, Rd, Rd, Xv, Rd^Xo, Rd^Xo, Rd^Xo, Rd^Xo, Rd^Xo, Rd^Xo, Xv, Xv, Xv, Xv, Xv, Xv, Xv, Xv, Xv, Xv
Xv^Xo, Xv, Xv, Xv, Dd^Xo, Xv, Dd^Xo, Dd^Xo, Dd, Dd^Xo, Dd^Xo, Xv, Dd^Xo, Xv, Dd^Xo, Dd^Xo, Dd^Vdt, Dd, Dd, Dd, Dd, Dd, Dd, Dd, Dd, Dd, Dd, Dd^Xo, Dd, Rd^Xo, Dd, Rd^Xo, Dd, Rd^Xo, Rd^Xo, Rd^Xo, Rd^Xo, Xv, Xv
Xv, Xv, Dd, Dd^Xo, Dd, Dd, Dd, Dd, Dd, Dd, Dd, Dd, Dd, Dd, Dd, Dd, Dd, Dd, Dd^Cov, Dd^Cov, 2 Dd^Kov, Dd^Cov, Dd^Cov, Dd, Dd, Dd, Dd, Dd, Dd, Dd, Dd, Dd, Dd, Dd, Dd, Dd^Xo, Rd^Xo, Xv, Xv
Xv, Xv, Dd, Dd, Dd, Dd, Qxe, Dd, Dd, Dd, Dd, Dd, Dd, Dd, Dd, Dd^Vdt, Dd, Dd^Do, Dd, Dd^Cov, Dd^Cov, Dd^Cov, Dd, Dd, Dd, Dd^Vdt, Dd, Dd^Do, Dd, Dd, Dd, Dd, Dd, Dd, Hd, Rd^Xo, Xv, Xv, Xv
Xv^Xo, Xv, Dd, Dd, Qxe, Qxe, Dd, Qxe, Dd, Dd, Dd, Dd, Dd, Dd, Dd, Dd, Dd, Dd, Dd^Vdt, Dd, Dd, Dd, Dd, Dd^Vdt, Dd, Dd, Dd, Dd, Dd, Dd, Dd, Hd, Dd, Dd, Dd, Rd^Xo, Xv, Xv, Xv
Xv^Xo, Xv, Dd, Dd, Qxe, Qxe, Qxe, Qxe, Dd, Dd, Hd, Hd, Dd, Dd, Dd, Dd, Dd, Dd, Dd, Dd, Qxe, Dd, Qxe, Dd, Dd, Dd, Dd, Dd, Hd, Hd, Dd, Dd, Dd, Hd, Dd, Rd^Xo, Rd^Xo, Xv, Xv
Xv, Xv, Dd, Dd, Dd, Qxe, Dd, Dd, Hd, Dd^Do, Dd, Dd, Hd, Hd, Dd, Dd, Dd, Dd, Dd, Dd, Dd, Qxe, Hd, Qxe, Qxe, Dd, Dd, Dd, Hd, Dd, Dd, Dd, Hd, Dd, Dd, Dd, Hd, Xv, Xv
Xv, Xv, Dd, Dd, Dd, Dd, Dd, Dd, Hd, Dd, Qxe, Qxe, Qxe, Dd^Do, Dd, Dd, Dd, Hd, Dd, Dd, Hd, Dd, Dd, Dd, Qxe, Dd, Dd, Hd, Hd, Hd, Dd^Do, Dd, Qxe, Dd, Dd, Hd, Dd, Xv, Xv
Xv, Xv, Dd, Dd, Dd, Dd, Dd, Dd, Qxe, Qxe, Dd, Qxe, Dd, Dd, Dd, Dd, Dd, Dd, Hd, Hd, Dd, Dd, Dd^Do, Dd, Dd, Dd, Dd, Dd, Dd, Hd, Dd, Dd, Qxe, Qxe, Hd, Dd, Dd, Xv, Xv
Xv, Xv, Dd, Dd, Dd, Dd, Hd, Hd, Qxe, Dd, Hd, Hd, Dd, Dd, Dd, Dd, Dd^Vdt, Hd, Dd, Dd, Dd, Dd, Dd, Dd, Dd, Dd, Dd, Dd, Dd, Dd, Qxe, Qxe, Qxe, Hd, Dd, Dd, Dd, Xv, Xv
Xv, Xv, Dd, Dd, Dd, Dd, Dd, Hd, Qxe, Dd, Hd, Hd, Dd, Dd, Hd, Hd, Qxe, Hd, Hd, Dd, Dd, Dd, Dd, Dd, Dd, Dd^Vdt, Dd, Dd, Hd, Qxe, Qxe, Hd, Hd, Hd, Dd, Dd, Xu, Xu, Xu
Xv, Xv, Dd, Dd, Dd, Dd, Dd, Hd, Hd, Qxe, Dd, Dd, Dd^Do, Dd, Hd, Qxe, Dd, Dd, Dd^Vda, Dd, Dd, Dd, Dd, Dd, Dd, Dd, Dd, Dd, Hd, Qxe, Hd, Hd, Dd, Dd, Xu, Xu, Xu, Xu, Xu
Xu, Xu, Xu, Dd, Dd, Dd, Dd, Dd, Dd, Dd, Dd, Dd, Dd, Dd, Hd, Qxe, Dd, Dd, Dd, Dd, Dd, Dd, Dd, Dd, Dd^Vda, Dd, Dd, Qxe, Hd, Hd, Dd^Do, Dd, Dd, Xu, Xu, Xu, Xu, Xu, Xu
Xu, Xu, Xu, Dd, Xu, Dd, Dd, Dd, Dd, Dd, Dd, Dd, Dd, Dd, Dd, Dd^Vda, Dd, Hd, Dd, Dd, Kd, Dd, Dd, Dd, Dd, Dd, Hd, Dd, Dd, Dd, Dd, Dd, Xu, Xu, Xu, Xu, Xu, Xu, Xu
Xu, Xu, Xu, Xu, Xu, Xu, Xu, Xu, Xu, Xu, Xu, Xu, Xu, Dd, Dd, Dd, Xu, Xu, Cd, Cd, Ur, Cd, Cd, Dd, Dd, Dd, Dd, Dd, Dd, Dd, Xu, Xu, Xu, Xu, Xu, Xu, Xu, Xu, Xu
Xu, Xu, Xu, Xu, Xu, Xu, Xu, Xu, Xu, Xu, Xu, Xu, Xu, Xu, Xu, Xu, Xu, Xu, Xu, Uu, 1 Ur, Ur, Xu, Xu, Xu, Dd, Xu, Xu, Xu, Xu, Xu, Xu, Xu, Xu, Xu, Xu, Xu, Xu, Xu
Xu, Xu, Xu, Xu, Xu, Xu, Xu, Xu, Xu, Xu, Xu, Xu, Xu, Xu, Xu, Xu, Xu, Xu, Xu, Uh, Ur, Uu, Xu, Xu, Xu, Xu, Xu, Xu, Xu, Xu, Xu, Xu, Xu, Xu, Xu, Xu, Xu, Xu, Xu
