Xv, Xv, Xv, Xv, Xv, Xv, Xv, Xv, Xv, Xv, Xv, Xv, Xv, Xv, Xv, Xv, Xv, Xv, Xv, Xv, Xv, Xv, Xv, Xv, Xv, Xv, Xv, Xv, Xv, Xv, Xv, Xv, Xv, Xv, Xv, Xv, Xv, Xv, Xv, Xv, Xv, Xv, Xv, Xv, Xv, Xv, Xv, Xv, Xv, Xv, Xv
Xv, Xv^Yyyy, Xv, Xv, Xv, Xv, Xv, Xv, Xv, Xv, Xv, Xv, Xv, Xv, Xv, Xv, Xv, Xv, Xv, Xv, Xv, Xv, Xv, Xv, Xv, Xv, Xv, Xv, Xv, Xv, Xv, Xv, Xv, Xv, Xv, Xv, Xv, Xv, Xv, Xv, Xv, Xv, Xv, Xv, Xv, Xv, Xv^Yzzy, Xv, Xv, Xv, Xv
Xv, Xv^Yzzz, Qxu, Xv, Qxu, Qxu, Qxu, Qxu, Qxu, Qxu, Qxu, Qxu, Qxu, Qxu, Qxu, Qxu, Qxu, Qxu, Qxu, Qxu, Qxu, Qxu, Qxu, Qxu, Qxu, Qxu, Qxu, Qxu, Qxu, Qxu, Qxu, Qxu, Qxu, Qxu, Qxu, Qxu, Qxu, Qxu, Qxu, Qxu, Qxu, Qxu, Qxu, Qxu, Qxu, Qxu, Qxu, Qxu, Qxu, Qxu, Qxu
Xv, Xv, Qxu, Qxu, Qxu, Qxu, Qxu, Qxu, Qxu, Qxu, Qxu, Qxu, Qxu, Qxu, Qxu, Qxu, Qxu, Qxu, Qxu, Qxu, Qxu, Qxu, Qxu, Qxu, Qxu, Qxu, Qxu, Qxu, Qxu, Qxu, Qxu, Qxu, Qxu, Qxu, Qxu, Qxu, Qxu, Qxu, Qxu, Qxu, Qxu, Qxu, Qxu, Qxu, Qxu, Qxu, Qxu, Qxu, Xv, Xv, Qxu
Xv, Xv, Qxu, Qxu, Qxu, Qxu, Qxu, Qxu, Qxu, Qxu, Qxu, Qxu, Qxu, Qxu, Qxu^Yzyy, Qxu, Qxu, Qxu, Qxu, Qxu, Qxu, Qxu, Qxu, Qxu, Qxu, Qxu, Qxu, Qxu, Qxu, Qxu, Qxu, Qxu, Qxu, Qxu, Qxu, Qxu, Qxu, Qxu, Qxu, Qxu, Qxu, Qxu, Qxu, Qxu, Qxu, Qxu, Qxu, Xv, Xv, Xv, Qxu
Xv, Xv, Qxu, Qxu, Qxu, Qxu, Qxu, Qxu, Rd, Qxu, Qxu, Qxu, Qxu, Qxu, Qxu, Qxu, Qxu, Qxu, Rd, Qxu, Qxu, Qxu, Qxu, Qxu, Qxu, Qxu, Qxu, Qxu, Qxu, Qxu, Qxu, Qxu, Qxu, Qxu, Qxu, Qxu, Qxu, Qxu, Qxu, Qxu, Qxu, Qxu, Rd^Dri, Qxu, Rd, Qxu, Rd^Iiz, Xv, Xv, Xv, Qxu
Xv, Xv, Qxu, Xv, 3 Rd^Kov, Qxu, Rd, Rd, Rd, Rd, Qxu, Qxu, Qxu, Qxu, Qxu, Qxu, Qxu, Qxu, Qxu, Rd, Rd, Rd, Rd, Rd, Rd, Qxu, Rd^Dri, Rd, Rd^Dri, Rd, Rd^Dri, Qxu, Qxu, Qxu, Rd^Kov, Rd^Kov, Rd^Kov, Qxu, Qxu, Qxu, Qxu, Qxu, Rd^Dri, Rd^Dri, Rd, Rd, Rd^Iiz, Xv, Xv, Xv, Qxu
Xv, Xv, Rd^Kov, Rd^Iiz, Rd^Kov, Rd^Kov, Rd^Kov, Rd, Qxu, Rd, Qxu, Qxu, Qxu, Qxu, Qxu, Qxu, Qxu, Qxu, Qxu, Qxu, Qxu, Qxu, Qxu, Qxu, Qxu, Rd, Rd^Dri, Rd^Dri, Dd, Rd, Rd, Rd^Dri, Rd^Dri, Qxu, Rd^Kov, 4 Rd^Kov, Rd^Kov, Qxu, Qxu, Qxu, Qxu, Qxu, Rd^Dri, Rd, Rd, Rd, Rd^Iiz, Rd^Iiz, Dd^Iiz, Xv, Qxu
Xv, Xv, Rd, Rd^Kov, Rd^Kov, Rd^Kov, Rd, Rd, Rd, Qxu, Rd, Rd^Dri, Rd^Dri, Rd, Qxu, Qxu, Xv, Qxu, Qxu, Qxu, Qxu, Qxu, Qxu^Yyyz, Qxu, Qxu, Qxu, Qxu, Rd^Dri, Dd, Dd^Yyzz, Dd, Rd, Rd, Rd, Rd, Rd^Kov, Rd^Dri, Rd^Dri, Qxu, Qxu, Qxu, Rd^Dri, Rd^Dri, Rd, Rd, Rd, Rd, Dd^Iiz, Dd, Dd^Iiz, Qxu
Xv, Xv, Rd, Rd, Rd, Qxu, Qxu, Qxu^Dri, Qxu, Rd, Qxu, Rd, Rd, Rd, Rd, Xv, Xv, Xv, Qxu, Qxu, Qxu, Qxu, Qxu, Qxu, Qxu, Qxu, Qxu, Qxu, Qxu, Dd, Dd, Dd, Rd, Rd, Rd, Rd, Rd, Rd^Dri, Rd^Dri, Qxu, Rd^Dri, Rd^Dri, Dd, Rd, Rd, Rd, Rd, Rd, Qxu, Qxu, Qxu
Xv, Xv, Qxu, Rd, Rd, Rd, Qxu, Qxu, Qxu, Qxu, Rd, Qxu, Rd, Rd, Qxu, Rd, Rd, Qxu, Qxu, Qxu, Qxu, Qxu, Qxu, Qxu, Qxu, Qxu, Qxu, Qxu, Qxu, Qxu, Qxu^Iiz, Dd, Dd, Dd, Dd, Rd, Rd, Rd, Dd, Dd, Dd, Dd, Qxu, Rd, Rd, Rd, Rd, Rd, Qxu, Qxu, Qxu
Xv, Xv, Qxu, Qxu, Qxu, Qxu, Qxu, Rd, Rd, Rd, Rd, Rd, Rd, Qxu, Rd, Rd, Rd, Qxu, Qxu, Qxu, Qxu, Qxu, Qxu, Qxu, Qxu^Iiz, Qxu, Qxu, Qxu, Qxu, Qxu^Iiz, Xv, Xv, Xv, Xv, Rd^Iiz, Dd, Rd, Rd, Rd, Dd, Qxu, Qxu, Qxu, Qxu, Qxu, Qxu, Qxu, Qxu, Qxu, Qxu, Qxu
Xv, Xv, Qxu, Qxu, Qxu, Qxu, Qxu, Qxu, Qxu, Rd^Dri, Qxu, Qxu, Qxu, Rd, Rd, Rd, Rd, Rd, Qxu, Qxu, Qxu, Qxu, Qxu, Qxu^Iiz, Xv, Qxu^Iiz, Qxu^Iiz, Qxu, Qxu, Qxu^Iiz, Xv, Xv, Xv, Xv, Xv, Rd^Iiz, Rd^Iiz, Rd, Qxu, Qxu, Rd, Rd, Rd, Rd^Kov, Rd^Kov, Qxu, Rd^Kov, Rd^Kov, Qxu, Qxu, Qxu
Xv, Xv, Qxu, Qxu, Qxu, Qxu, Qxu, Qxu, Qxu, Rd^Dri, Qxu, Qxu, Qxu, Qxu, Qxu, Rd, Rd, Rd, Rd, Qxu, Qxu, Qxu, Qxu, Qxu^Iiz, Rd^Iiz, Xv, Rd^Iiz, Qxu, Rd, Rd^Iiz, Rd^Iiz, Xv, Xv, Xv, Rd^Iiz, Rd^Iiz, Rd^Iiz, Rd, Rd, Rd, Rd, Rd, Rd, Rd, Rd^Kov, 2 Rd^Kov, Rd^Kov, Rd, Rd, Qxu, Qxu
Xv, Xv, Qxu, Qxu, Qxu, Qxu, Qxu, Qxu, Rd, Rd^Dri, Rd, Qxu, Qxu, Qxu, Qxu, Qxu, Rd, Rd, Rd, Qxu, Rd, Rd, Rd, Rd, Rd, Rd^Iiz, Rd, Rd, Rd, Rd, Rd, Rd^Iiz, Rd^Iiz, Rd^Iiz, Rd^Iiz, Rd^Iiz, Rd, Rd, Rd, Rd, Qxu, Rd, Rd, Rd^Kov, Rd, Rd^Kov, Rd, Rd^Kov, Rd, Qxu, Qxu
Xv, Xv, Rd^Iiz, Qxu, Qxu, Qxu, Qxu, Qxu, Qxu, Rd, Rd, Rd, Qxu, Qxu, Qxu, Qxu, Qxu, Qxu, Qxu, Rd, Rd^Dri, Rd, Rd, Rd^Vov, Rd, Rd, Qxu, Rd, Qxu, Rd, Rd, Rd, Rd, Rd^Iiz, Rd, Rd, Rd, Rd, Rd, Qxu, Qxu, Qxu, Qxu, Rd, Rd, Rd^Kov, Qxu, Rd, Rd, Rd, Qxu
Xv, Xv, Xv, Rd, Rd, Rd^Dri, Rd^Dri, Qxu, Qxu, Qxu, Qxu, Rd, Qxu, Qxu, Qxu, Qxu, Qxu, Qxu, Qxu, Qxu, Rd^Dri, Rd, Rd, Rd, Rd, Rd, Rd, Qxu, Rd, Qxu, Rd, Rd, Rd, Rd, Rd, Rd, Rd, Rd, Rd, Rd, Rd, Qxu, Qxu, Rd, Rd, Qxu, Qxu, Rd, Rd, Rd, Qxu
Xv, Xv, Qxu, Qxu, Qxu, Rd, Rd, Rd^Dri, Rd^Dri, Qxu, Rd, Rd, Qxu, Qxu, Qxu, Dd^Dri, Rd, Qxu, Qxu, Qxu, Qxu, Rd^Dri, Rd, Rd, Rd, Qxu, Qxu, Rd, Qxu, Rd, Rd, Rd, Rd, Qxu, Qxu, Rd, Rd, Rd, Rd, Rd, Rd, Rd, Rd, Qxu, Rd, Rd, Qxu, Rd, Rd, Qxu, Qxu
Xv, Xv, Qxu, Qxu, Qxu, Rd, Rd, Rd, Rd, Rd, Rd, Rd, Rd^Vov, Rd, Rd, Rd, Rd, Rd, Rd, Qxu, Qxu, Rd, Qxu, Rd, Rd, Qxu, Rd, Qxu, Qxu, Qxu, Qxu, Rd, Qxu, Rd, Rd, Qxu, Rd, Rd, Rd, Rd, Rd, Rd, Rd, Qxu, Rd, Rd, Rd, Rd, Rd, Qxu, Qxu
Xv, Xv, Qxu, Qxu, Qxu, Rd, Rd, Rd, Rd, Rd, Qxu, Rd, Qxu, Rd, Qxu, Rd, Rd, Rd, Rd, Rd^Dri, Rd, Qxu, Qxu, Rd, Qxu, Rd^Kov, Rd^Kov, Rd^Kov, Rd^Kov, Rd, Rd, Qxu, Rd, Qxu, Rd, Rd, Qxu, Rd, Qxu, Rd, Qxu, Rd, Qxu, Rd, Qxu, Rd, Qxu, Rd, Qxu, Rd, Qxu
Xv, Xv, Qxu, Qxu, Qxu, Rd, Rd, Qxu, Rd, Rd, Qxu, Qxu, Qxu, Qxu, Qxu, Qxu, Qxu, Rd, Qxu, Rd, Rd, Rd^Kov, Rd^Kov, Qxu, Qxu, Qxu, Rd^Kov, Rd^Kov, Rd^Kov, Rd^Kov, Rd, Rd, Qxu, Rd, Qxu, Qxu, Qxu, Qxu, Qxu, Qxu, Qxu, Qxu, Qxu, Qxu, Qxu, Qxu, Qxu, Qxu, Qxu, Qxu, Qxu
Xv, Xv, Rd^Iiz, Rd^Iiz, Rd, Rd, Qxu, Qxu, Rd, Qxu, Qxu, Qxu, Qxu, Qxu, Qxu, Qxu, Qxu, Qxu, Qxu, Rd, Rd, Rd^Kov, Rd^Kov, Rd^Kov, Rd^Kov, 1 Rd^Kov, Rd^Kov, Rd^Kov, Rd^Kov, Rd^Kov, Rd, Rd, Rd, Qxu, Qxu, Qxu, Qxu, Qxu, Qxu, Qxu, Qxu, Qxu, Qxu, Qxu, Qxu, Qxu, Qxu, Qxu, Qxu, Qxu, Qxu
Xv, Xv, Rd^Iiz, Rd^Iiz, Rd, Rd, Rd, Qxu, Rd, Rd, Qxu, Qxu, Qxu, Qxu, Qxu, Qxu, Qxu, Qxu, Qxu, Qxu, Qxu, Rd, Rd, Rd^Kov, Rd^Kov, Rd^Kov, Rd^Kov, Rd^Kov, Rd, Rd, Rd, Rd, Rd, Rd, Rd, Qxu, Qxu, Qxu, Qxu, Qxu, Rd, Qxu, Qxu, Qxu, Rd, Rd, Qxu, Qxu, Qxu, Qxu, Qxu
Xv, Xv, Xv, Rd^Iiz, Rd, Rd, Rd, Qxu, Qxu, Rd, Rd, Qxu, Qxu, Qxu, Qxu, Qxu, Qxu, Qxu, Qxu, Qxu, Qxu, Qxu, Qxu, Rd, Qxu, Rd, Rd, Rd, Rd, Rd, Rd, Rd, Rd, Rd, Rd, Rd, Rd, Qxu, Rd, Qxu, Rd, Rd, Rd, Qxu, Rd, Rd, Rd, Qxu, Rd^Dri, Qxu, Qxu
Xv, Xv, Rd^Iiz, Rd, Rd, Rd, Rd, Rd, Qxu, Rd, Qxu, Qxu, Qxu, Qxu, Qxu, Qxu, Qxu, Qxu, Qxu, Qxu, Qxu, Qxu, Qxu, Qxu, Qxu, Rd, Rd, Rd, Rd, Rd, Rd, Rd, Rd, Rd, Rd, Rd, Rd, Rd, Rd, Rd, Rd, Rd, 5 Rd, Rd, Rd, Rd, Rd, Rd, Rd^Dri, Qxu, Qxu
Xv, Xv, Rd^Iiz, Rd, Rd, Rd, Rd, Rd, Rd^Dri, Qxu, Qxu, Qxu, Qxu, Qxu, Qxu, Qxu, Qxu, Qxu, Qxu, Qxu, Qxu, Qxu, Qxu, Qxu, Qxu, Rd, Rd, Rd, Rd, Rd, Rd, Rd, Rd, Rd, Rd, Rd, Rd, Rd, Rd, Rd, Rd, Rd, Rd, Rd, Rd, Rd, Rd, Rd, Rd^Iiz, Rd^Iiz, Qxu
Xv, Xv, Xv, Rd, Qxu, Rd, Rd^Dri, Rd^Dri, Qxu, Qxu, Qxu, Qxu, Qxu, Qxu, Qxu, Qxu, Qxu, Qxu, Qxu, Qxu, Qxu, Qxu, Qxu, Qxu, Qxu, Rd, Rd, Rd, Rd, Rd, Rd, Rd, Rd, Rd, Rd, Rd, Rd, Rd, Rd, Rd^Vov, Rd, Rd, Qxu, Rd, Qxu, Rd, Qxu, Rd^Iiz, Rd^Iiz, Rd^Iiz, Qxu
Xv, Xv, Qxu, Qxu, Qxu, Qxu, Qxu, Qxu, Qxu, Qxu, Qxu, Qxu, Qxu, Qxu, Qxu, Qxu, Qxu, Qxu, Qxu, Qxu, Qxu, Qxu, Qxu, Qxu, Qxu, Qxu, Qxu, Qxu, Qxu, Qxu, Qxu, Qxu, Qxu, Qxu, Qxu, Qxu, Qxu, Qxu, Qxu, Qxu, Qxu, Qxu, Qxu, Qxu, Qxu, Qxu, Qxu, Qxu, Qxu, Qxu, Qxu
