border_size=1
usage=map

Mm          , Mm          , Mm          , Mm          , Gs^Fms      , Gs^Fds      , Rr          , Gg          , Gg          , Gg          , Xv          , Xv          , Xv          , Xv          , Xv          , Xv          , Xv          , Xv          , Xv          , Xv          , Xv          , Xv          , Xv          , Xv          , Xv          , Xv          , Xv          , Xv          , Xv          , Xv          , Xv          , Xv          , Xv          , Xv          , Xv          , Xv          , Xv          , Ss          , Ss          , Ss          , Ss          , Ss          , Ss          , Hh^Fmw      , Hh^Fms      , Mm          , Hh^Fms      , Mm          , Mm          , Mm          , Mm          , Mm          , Mm          , Hh^Fms      , Ss          , Ss          , Ss          
Mm          , Mm          , Hh^Fds      , Gg^Vh       , Ch          , Ch          , Rr          , Gg^Wm       , Gg          , Gg          , Mm          , Xv          , Xv          , Xv          , Xv          , Xv^Yyyy     , Xv          , Xv          , Xv          , Xv          , Xv          , Xv          , Xv          , Xv          , Xv          , Xv          , Xv          , Xv          , Xv          , Xv          , Xv          , Xv          , Xv          , Xv          , Xv          , Xv          , Xv          , Xv          , Xv          , Ss          , Ss          , Ss          , Ss          , Ss          , Ss          , Hh^Fms      , Hh^Fms      , Hh^Fmw      , Hh^Fmw      , Mm          , Hh^Fms      , Mm          , Mm          , Hh^Fms      , Ss          , Ss          , Ss          
Ww          , Ww          , Ww          , Ww          , Rr          , Rr          , Gg          , Gg          , Gg          , Mm          , Gg^Vh       , Mm          , Mm          , Xv          , Xv          , Xv^Yyyy     , Xv          , Xv          , Xv          , Xv          , Xv          , Xv          , Xv          , Xv          , Xv          , Xv          , Xv          , Xv          , Xv          , Xv          , Xv          , Xv          , Xv          , Xv          , Xv          , Xv          , Xv          , Xv          , Xv          , Xv          , Xv          , Ss          , Ss          , Ss          , Ss          , Ss          , Ss          , Ss          , Ss          , Hh^Fms      , Ss          , Hh^Fmw      , Hh^Fdw      , Mm          , Ss          , Ss          , Ss          
Gg          , Gg^Vc       , Gg          , Gg^Dr       , Rr          , Gg          , Gg          , Gg          , Chw         , Gs^Ft       , Hh          , Mm          , Mm          , Mm          , Gg          , Xv          , Xv          , Xv          , Xv          , Xv          , Xv          , Xv          , Xv          , Xv          , Xv          , Xv          , Xv          , Xv          , Xv          , Xv          , Xv          , Xv          , Xv          , Xv          , Xv          , Xv          , Xv          , Xv          , Xv          , Xv          , Xv          , Xv          , Xv          , Ss          , Ss          , Ss          , Ss          , Ss          , Ss          , Ss          , Ss          , Ss          , Ss          , Hh^Fms      , Ss          , Ss          , Ss          
Gg          , Gg          , Gg^Dr       , Gg          , Rr          , Gg          , Gg          , Gg          , Ww^Ewl      , Ww          , Ww          , Hh^Vhh      , Ch          , Mm          , Hh^Fds      , Hh^Fds      , Xv          , Xv          , Xv          , Xv          , Xv          , Xv          , Xv          , Xv          , Xv          , Xv          , Xv          , Xv          , Xv          , Xv          , Xv          , Xv          , Xv          , Xv          , Xv          , Xv          , Xv          , Xv          , Xv          , Xv          , Xv          , Xv          , Xv          , Xv          , Xv          , Ss          , Ss          , Ss          , Ss          , Ss          , Ss          , Ss          , Ss          , Ss          , Ss          , Ss          , Ss          
Gg          , Gg^Wm       , Gg          , Gg          , Rr          , Chs         , Ww          , Ww^Ewl      , Wo          , Wo          , Ss^Vhs      , Mm          , Mm^Xm       , Mm          , Hh^Fds      , Hh^Fds      , Re^Gvs      , Xv          , Xv          , Xv          , Xv          , Xv          , Xv          , Xv          , Xv          , Xv          , Xv          , Xv          , Xv          , Xv          , Xv          , Xv          , Xv          , Xv          , Xv          , Xv          , Xv          , Xv          , Xv          , Xv          , Xv          , Xv          , Xv          , Xv          , Xv          , Xv          , Xv          , Ss          , Ss          , Ss          , Ss          , Ss          , Ss          , Ss          , Ss          , Ss          , Ss          
Mm          , Gg          , Gg          , Gg          , Chs         , Ww^Bw\      , Ww^Bw\      , Ww          , Rp          , Ss^Vhs      , Mm^Xm       , Mm^Xm       , Mm          , Mm          , Hh^Fp       , Hh^Fds      , Re^Gvs      , Re^Gvs      , Xv          , Xv          , Xv          , Xv          , Xv          , Xv          , Xv          , Xv          , Xv          , Xv          , Xv          , Xv          , Xv          , Xv          , Xv          , Xv          , Xv          , Xv          , Xv          , Xv          , Xv          , Xv          , Xv          , Xv          , Xv          , Xv          , Xv          , Xv          , Xv          , Xv          , Ss          , Ss          , Ss          , Ss          , Ss          , Ss          , Ss          , Ss          , Ss          
Mm          , Gg          , Mm          , Gs^Ft       , Ww          , Ww          , Ww          , Rp          , Mm          , Rp          , Rp          , Mm          , Gg^Wm       , Hh^Fp       , Rp          , Hh^Fds      , Re          , Re          , Xv          , Xv          , Xv          , Xv          , Xv          , Xv          , Xv          , Xv          , Xv          , Xv          , Xv          , Xv          , Xv          , Xv          , Xv          , Xv          , Xv          , Xv          , Xv          , Xv          , Xv          , Xv          , Xv          , Xv          , Xv          , Xv          , Xv          , Xv          , Xv          , Xv          , Ss          , Ss          , Ss          , Ss          , Ss          , Ss          , Ss          , Ss          , Ss          
Mm          , Mm          , Gs^Ft       , Gg^Vh       , Mm          , Mm          , Mm          , Mm          , Mm          , Mm          , Hh^Fp       , Chr         , Rp          , Rp          , Hh          , Gs^Ft       , Gg^Dr       , Gg          , Gg          , Hh          , Xv          , Xv          , Xv          , Xv          , Xv          , Xv          , Xv          , Xv          , Xv          , Xv          , Xv          , Xv          , Xv          , Xv          , Xv          , Xv          , Xv          , Xv          , Xv          , Xv          , Xv          , Xv          , Xv          , Xv          , Xv          , Xv          , Xv          , Xv          , Ss          , Ss          , Ss          , Ss          , Ss          , Ss          , Ss          , Ss          , Ss          
Hh          , Mm          , Mm          , Mm          , Mm          , Mm          , Mm          , Mm          , Hh^Fp       , Chr         , Ch          , Ch          , Ch          , Chr         , Gs^Ft       , Hh          , Gg          , Gg          , Gg          , Hh^Fms      , Hh          , Xv          , Xv          , Xv          , Xv          , Xv          , Xv          , Xv          , Xv          , Xv          , Xv          , Xv          , Xv          , Xv          , Xv          , Xv          , Xv          , Xv          , Xv          , Xv          , Xv          , Xv          , Xv          , Xv          , Xv          , Xv          , Xv          , Xv          , Ss          , Ss          , Ss          , Ss          , Ss          , Ss          , Ss          , Ss          , Ss          
Hh          , Hh          , Mm          , Mm          , Mm          , Mm          , Gg          , Gg          , Gs^Ft       , Hh          , Ch          , 4 Kh        , Ch          , Gs^Ft       , Rd          , Hh          , Gg          , Gg          , Gg          , Gg          , Hh^Fms      , Xv          , Xv          , Xv          , Xv          , Xv          , Xv          , Xv          , Xv          , Xv          , Xv          , Xv          , Xv          , Xv          , Xv          , Xv          , Xv          , Xv          , Xv          , Xv          , Xv          , Xv          , Xv          , Xv          , Xv          , Xv          , Xv          , Ss          , Ss          , Ss          , Ss          , Ss          , Ss          , Ss          , Ss          , Ss          , Ss          
Hh          , Hh          , Gg          , Gg^Dr       , Re^Gvs      , Re^Gvs      , Re^Gvs      , Hh^Fp       , Rd          , Chr         , Hh          , Ch          , Rr          , Chr         , Gg          , Rd          , Re^Gvs      , Re^Gvs      , Re^Gvs      , Gg          , Gg          , Hh          , Hh          , Xv          , Xv          , Xv          , Xv          , Xv          , Xv          , Xv          , Xv          , Xv          , Xv          , Xv          , Xv          , Xv          , Xv          , Xv          , Xv          , Xv          , Xv          , Xv          , Xv          , Xv          , Xv          , Xv          , Ss          , Ss          , Ss          , Ss          , Ss          , Ss          , Ss          , Ss          , Ss          , Ss          , Ss          
Hh          , Hh          , Gg          , Re^Gvs      , Re^Gvs      , Re^Gvs      , Re^Gvs      , Re^Gvs      , Rd          , Hh          , Gg          , Chr         , Gg          , Rr          , Rr          , Gg          , Gg          , Re^Gvs      , Re^Gvs      , Re^Gvs      , Re^Gvs      , Gg          , Gs^Fds      , Hh^Fmw      , Gs^Fds      , Xv          , Xv          , Xv          , Xv          , Xv          , Xv          , Xv          , Xv          , Xv          , Xv          , Xv          , Xv          , Xv          , Xv          , Xv          , Hh          , Hh          , Hh          , Hh^Fms      , Hh          , Hh^Fms      , Hh          , Ss          , Ss          , Ss          , Ss          , Ss          , Ss          , Ss          , Ss          , Ss          , Ss          
Hh          , Gg          , Gg          , Rd          , Rd          , Re^Gvs      , Rd          , Rd          , Rd          , Gg          , Gg          , Hh          , Mm          , Gg          , Gg          , Rr          , Rr          , Gg          , Gg          , Re^Gvs      , Gg          , Gg          , Gg          , Gs^Fds      , Hh^Fds      , Hh^Fmw      , Hh          , Xv          , Xv          , Xv          , Xv          , Xv          , Xv          , Xv          , Xv          , Xv          , Xv          , Xv          , Xv          , Xv          , Hh          , Hh^Fds      , Hh          , Hh          , Gs^Fms      , Hh          , Hh          , Gg          , Ss          , Chs         , Ss          , Ss          , Chs         , Ss          , Ss          , Ss          , Ss          
Gg          , Gg          , Re^Gvs      , Re^Gvs      , Re^Gvs      , Rd          , Rd          , Gg^Wm       , Rd          , Gg          , Gg          , Hh          , Mm          , Mm          , Mm          , Gg          , Gg          , Rr          , Rr          , Gg          , Gg          , Gg          , Gg          , Gg          , Gs^Fds      , Hh^Fds      , Hh^Fds      , Hh          , Hh          , Xv          , Xv          , Xv          , Xv          , Xv          , Xv          , Xv          , Xv          , Xv          , Xv          , Hh^Fms      , Hh^Fds      , Hh^Fds      , Gg          , Gg          , Gs^Fms      , Gs^Fms      , Gs^Fms      , Gs^Fms      , Gs^Fms      , Ss          , Ss          , Ss^Bw/      , Ss          , Ss          , Ss          , Ss          , Ss          
Re^Gvs      , Re^Gvs      , Re^Gvs      , Re^Gvs      , Re^Gvs      , Re^Gvs      , Rd          , Rd          , Gs^Vht      , Rd          , Rd          , Hh          , Hh          , Mm          , Mm          , Hh^Fms      , Gs^Vht      , Gg          , Gg          , Rr          , Rr          , Gg          , Gg          , Gg          , Ss          , Ss          , Ss          , Gs^Fds      , Gg          , Hh^Fds      , Hh^Fmw      , Xv          , Xv          , Xv          , Xv          , Xv          , Xv          , Xv          , Hh^Fms      , Hh          , Gg          , Gg          , Gg          , Gg          , Ss          , Gs^Fms      , Ss          , Gs^Fms      , Ss          , Gs^Fms      , Gs^Fms      , Ss^Bw|      , Gs^Fms      , Ss          , Ss          , Ss^Vhs      , Ss          
Re^Gvs      , Re^Gvs      , Re^Gvs      , Re^Gvs      , Rd          , Rd          , Re^Gvs      , Re^Gvs      , Re^Gvs      , Gg          , Rd          , Gg          , Gg          , Mm          , Mm          , Hh^Fms      , Hh^Fms      , Hh^Fms      , Hh^Fms      , Gg          , Ss          , Rr          , Ss          , Ss          , Ss          , Ss          , Ss          , Ss          , Ss          , Gg          , Hh^Fds      , Hh^Fds      , Hh          , Xv          , Xv          , Xv          , Xv          , Xv          , Hh^Fds      , Hh          , Gg          , Gg          , Gs^Ft       , Ss          , Gs^Fms      , Ss          , Ss          , Gs^Fms      , Ss          , Ss          , Ss          , Ss          , Gs^Fms      , Ss          , Gs^Fms      , Ss          , Gs^Fms      
Gg          , Re^Gvs      , Gg          , Rd          , Re^Gvs      , Re^Gvs      , Re^Gvs      , Re^Gvs      , Re^Gvs      , Re^Gvs      , Gg          , Rd          , Gg          , Hh^Fms      , Mm          , Mm          , Mm          , Hh^Fms      , Mm          , Gg          , Ss          , Rr^Bw|      , Ss          , Ss          , Ss          , Ss          , Ss          , Ss          , Ss          , Gg          , Gs^Fds      , Hh^Fds      , Gs^Fds      , Hh          , Hh          , Xv          , Hh^Fms      , Hh^Fds      , Gs^Fds      , Gg          , Gg          , Gg          , Gs^Ft       , Ss          , Gs^Fms      , Gs^Fms      , Gs^Fms      , Ss          , Gs^Fms      , Ss          , 3 Ss        , Gs^Fms      , Ss          , Gs^Fms      , Gs^Fms      , Gs^Fms      , Gs^Fms      
Gs^Ft       , Gg          , Gg          , Re^Gvs      , Re^Gvs      , Re^Gvs      , Re^Gvs      , Re^Gvs      , Gg          , Gg          , Gg          , Rd          , Gg          , Hh^Fms      , Mm          , Mm          , Mm          , Mm          , Mm          , Hh^Fms      , Hh^Fms      , Rr^Bw\      , Rr          , Ss          , Gg          , Ss          , Ss          , Ss          , Ss          , Gg          , Gs^Fds      , Gs^Fds      , Gs^Fds      , Gs^Fds      , Gs^Fds      , Hh^Fds      , Hh^Fds      , Hh          , Gs^Fds      , Gs^Fds      , Gg          , Gs^Ft       , Gs^Ft       , Ss          , Hh^Fdw      , Hh^Fdw      , Gs^Fms      , Gs^Fms      , Hh^Fdw      , Gs^Fms      , Ss          , Ss          , Gs^Ft       , Gs^Ft       , Gs^Fms      , Gs^Fms      , Gs^Fms      
Hh^Fms      , Gg          , Gg          , Gg          , Gg          , Re^Gvs      , Gg          , Gg          , Ww^Ewl      , Ww^Ewl      , Gg          , Rd          , Gg          , Hh^Fms      , Hh^Fms      , Mm          , Mm          , Mm          , Mm          , Mm          , Mm          , Hh^Fms      , Gg          , Rr          , Rr          , Gg          , Gg          , Ss          , Gg          , Gg          , Gg          , Gs^Fds      , Gs^Fds      , Gs^Fds      , Gs^Fds      , Gs^Fds      , Gs^Fds      , Gs^Fds      , Gg          , Gg          , Gg          , Ss          , Gs^Fms      , Hh^Fdw      , Gs^Fms      , Gs^Fms      , Hh^Fdw      , Hh^Fdw      , Hh^Fdw      , Ss          , Ss          , Ss          , Hh          , Gs^Ft       , Gs^Ft       , Ss          , Gs^Fms      
Hh^Fms      , Gs^Ft       , Gg          , Gg          , Gg          , Gg          , Ww          , Ww^Ewl      , Ww^Ewl      , Ww          , Gg          , Rd          , Gg          , Gg          , Hh^Fms      , Mm          , Mm          , Mm          , Mm          , Gs^Fds      , Gs^Fds      , Gs^Fds      , Gs^Fds      , Gg          , Gg          , Rr          , Rr          , Gg          , Gg          , Gg          , Gg          , Gg          , Gg          , Gg          , Gg          , Gg          , Gg          , Gg          , Gg          , Gg          , Gg          , Gg          , Gg          , Gs^Fms      , Gs^Ft       , Gs^Fms      , Gs^Fmw      , Gs^Fmw      , Gs^Fmw      , Gs^Fmw      , Gs^Fmw      , Ss          , Ss          , Ss          , Ss          , Gs^Ft       , Ss          
Xv          , Hh^Fms      , Hh^Fms      , Gs^Fds      , Hh^Fms      , Gg          , Gg          , Ww^Ewl      , Ww^Ewl      , Ww^Ewl      , Gg          , Rd          , Gg          , Gg          , Gg          , Hh^Fms      , Gs^Fds      , Mm          , Gs^Ft       , Gs^Ft       , Ss          , Gs^Fds      , Gs^Fds      , Gs^Fds      , Gg          , Gg          , Rr          , Gg          , Gg          , Gg          , Gg          , Gg          , Gg          , Gg          , Ww          , Ww          , Ww          , Ww          , Ww          , Gg          , Gs^Fms      , Gg          , Gg          , Gs^Ft       , Gs^Ft       , Gs^Fmw      , Gs^Fms      , Gs^Fms      , Gs^Fmw      , Gs^Fmw      , Hh^Fdw      , Gs^Fmw      , Hh^Fdw      , Hh          , Hh          , Gs^Ft       , Ss          
Xv          , Xv          , Xv          , Hh^Fms      , Hh^Fms      , Gs^Ft       , Hh^Fms      , Gs^Ft       , Gs^Fms      , Gg          , Gg          , Rd          , Rd          , Gg          , Ss          , Gg          , Gs^Fds      , Gs^Fds      , Gs^Fms      , Ss          , Gs^Fms      , Gs^Fms      , Ss          , Gs^Fds      , Gs^Fds      , Gg          , Gg          , Rr          , Rr          , Gg          , Gg          , Gg          , Gs^Ft       , Ww          , Ww          , Ww^Ewl      , Mm          , Mm          , Hh^Fds      , Ww          , Ww          , Gg          , Gg          , Gg          , Gg          , Gs^Ft       , Gg^Vl       , Gs^Fmw      , Gs^Ft       , Gs^Fmw      , Gs^Fms      , Hh^Fdw      , Ss          , Hh          , Hh          , Ss          , Hh          
Xv          , Xv          , Xv          , Xv          , Xv          , Hh^Fms      , Hh^Fms      , Gs^Ft       , Gs^Fms      , Gs^Fds      , Gs^Fds      , Gg          , Rd          , Chs         , Ss          , Gg          , Gs^Fds      , Gs^Fds      , Gs^Ft       , Gs^Fms      , Ss          , Gs^Fms      , Gs^Ft       , Gs^Fds      , Gs^Fds      , Gg          , Gg          , Gg          , Rr          , Gg          , Gg          , Gg          , Gs^Fms      , Ww          , Ww          , Ww^Ewl      , Hh^Fds      , Mm          , Mm          , Ww^Ewl      , Ww          , Ww          , Gg          , Gg          , Gg          , Gg          , Rd          , Rd          , Gg^Vc       , Gs^Ft       , Gs          , Gs^Fms      , Gs^Fms      , Gs          , Gs          , Hh          , Hh          
Xv          , Xv          , Xv          , Xv          , Xv          , Xv          , Xv          , Hh^Fds      , Hh^Fms      , Gs^Ft       , Gs^Fds      , Chs         , Ss          , Rd          , Rd          , Gg          , Gg          , Gs^Fds      , Gs^Fds      , Gs^Ft       , Gs^Fds      , Gs^Fds      , Gs^Fds      , Gs^Fds      , Gg          , Gg          , Ce          , Ce          , Khw         , Ce          , Ce          , Gg          , Gs^Fms      , Gs^Fms      , Ww          , Ww          , Ww          , Mm          , Ww          , Ww          , Ww          , Gg          , Gg          , Gg          , Rd          , Rd          , Gs          , Gs          , Gs          , Gs          , Gs^Ft       , Gs^Ft       , Gs^Ft       , Gs          , Gs          , Hh          , Gs          
Xv          , Xv          , Xv          , Xv          , Xv          , Xv          , Xv          , Xv          , Hh^Fms      , Hh^Fds      , Hh^Fms      , Ss          , Ss          , Ss          , Gg          , Rd          , Rd          , Gg          , Gg          , Gs^Fds      , Rd          , Gs^Fds      , Gg          , Gg          , Gg          , Gg          , Gs^Ft       , Ce          , Ww^Bw|      , Ce          , Hh          , Gg          , Gg          , Gs^Ft       , Gg          , Ww          , Gs^Fms      , Ww          , Gg          , Ww          , Ww          , Ww          , Ww          , Gg          , Rd          , Gs          , Gs          , Gs^Fms      , Gs^Fms      , Gs          , Gs          , Gs          , Gs          , Gs^Ft       , Gs          , Gs          , Gs          
Xv          , Xv          , Xv          , Xv          , Xv          , Xv          , Xv          , Xv          , Xv          , Hh^Fms      , Hh^Fms      , Hh^Fms      , Gs^Ft       , Gg          , Gg          , Gg          , Gg          , Rd          , Rd          , Rd          , Gg          , Rd          , Rd          , Gg          , Ce          , Gg          , Ww          , Ww          , Ww^Bw|      , Ww          , Ww          , Hh          , Ce          , Gg          , Gg          , Gg          , Gg          , Gg          , Re^Gvs      , Gg          , Gg          , Gg          , Gg          , Ww          , Ww^Bw|      , Gs          , Gs          , Gs^Fms      , Gs^Fms      , Gs^Fms      , Gs          , Gs          , Gs          , Gs^Ft       , Gd          , Gd          , Gd          
Xv          , Xv          , Xv          , Xv          , Xv          , Xv          , Xv          , Xv          , Xv          , Hh^Fms      , Hh^Fms      , Hh^Fms      , Gs^Fms      , Gg          , Gg          , Gg          , Gg          , Gs^Ft       , Gg          , Gg          , Ww          , Gg          , Hh^Fds      , Khw         , Ww^Bw\      , Ww          , Gg^Vh       , Ww          , Chw         , Ww          , Gg^Vh       , Ww          , Ww^Bw/      , Khw         , Hh          , Gg          , Re^Gvs      , Re^Gvs      , Re^Gvs      , Re^Gvs      , Re^Gvs      , Gg          , Rd          , Gg          , Rd          , Ww          , Ww          , Gs          , Gs          , Gs          , Mm          , Gs          , Gs          , Gd          , Gd          , Gd          , Gd          
Xv          , Xv          , Xv          , Xv          , Xv          , Xv          , Xv          , Xv          , Xv          , Xv          , Hh^Fms      , Hh^Fms      , Gs^Fms      , Gg          , Gg          , Gg          , Gs^Ft       , Gs^Ft       , Ww          , Ww^Ewf      , Ww          , Gg          , Gg          , Ce          , Ww          , Rr          , Chw         , Gg^Vh       , Chw         , Gg^Ve       , Chw         , Rr          , Ww          , Ce          , Gs^Ft       , Hh^Fds      , Gg^Wm       , Re^Gvs      , Re^Gvs      , Re^Gvs      , Rd          , Rd          , Re^Gvs      , Rd          , Gs          , Gs          , Gs          , Ww          , Ww          , Gs          , Mm          , Mm          , Mm          , Gs          , Gd          , Gd          , Gd          
Xv          , Xv          , Xv          , Xv          , Xv          , Xv          , Xv          , Xv          , Xv          , Xv          , Hh^Fms      , Hh^Fds      , Gs^Fds      , Gg          , Gg          , Gs^Ft       , Gs^Ft       , Gg          , Gg          , Ww          , Gg          , Gg          , Re^Gvs      , Gg^Wm       , Gg          , Gg^Vh       , Gg^Ve       , Chw         , 2 Kh        , Chw         , Gg^Vh       , Gg^Vh       , Rd          , Gg          , Hh^Fds      , Hh^Fds      , Gs^Fms      , Gs^Fms      , Ds          , Rd          , Re^Gvs      , Re^Gvs      , Re^Gvs      , Re^Gvs      , Re^Gvs      , Gs          , Gs          , Gs          , Gs          , Ww          , Ww          , Mm          , Mm          , Mm          , Mm          , Mm          , Mm          
Xv          , Xv          , Xv          , Xv          , Xv          , Xv          , Xv          , Xv          , Xv          , Xv          , Hh^Fms      , Gs^Fms      , Gg          , Gg          , Gg          , Gs^Ft       , Gg          , Gg          , Re^Gvs      , Gg          , Rd          , Re^Gvs      , Re^Gvs      , Re^Gvs      , Rd          , Gg^Vh       , Chw         , Chw         , Chw         , Chw         , Chw         , Gg^Vh       , Gs^Ft       , Rd          , Rd          , Hh          , Chs         , Ch          , Ww^Bw\      , Gg^Wm       , Ww          , Ds          , Ds          , Ds          , Ds          , Re^Gvs      , Ds          , Gs          , Gs^Fms      , Gs          , Gs          , Mm          , Mm          , Mm          , Mm          , Mm          , Mm          
Xv          , Xv          , Xv          , Xv          , Xv          , Xv          , Xv          , Xv          , Xv          , Hh^Fms      , Gs^Ft       , Gg          , Gg          , Gg          , Gg          , Gg          , Re^Gvs      , Re^Gvs      , Re^Gvs      , Re^Gvs      , Re^Gvs      , Rd          , Rd          , Rd          , Re^Gvs      , Re^Gvs      , Gg^Vh       , Gg^Vh       , Chw         , Rp^Vhc      , Gg^Vh       , Gs^Ft       , Gg^Efm      , Gg^Wm       , Chs         , Ch          , Ww^Bw\      , Ww          , Ww          , Ww^Bw\      , Ww^Bw\      , Ww          , Ww          , Ww          , Ww          , Ds          , Ww          , Ds          , Ds          , Gs^Fms      , Gs^Fms      , Gs          , Gd          , Mm          , Wo          , Mm          , Mm          
Xv          , Xv^Yyyy     , Xv          , Xv^Yyyy     , Xv          , Xv          , Xv          , Xv          , Xv          , Gs^Ft       , Gg          , Gs^Fds      , Gg          , Gg          , Gg          , Gg          , Gg          , Re^Gvs      , Re^Gvs      , Re^Gvs      , Re^Gvs      , Rd          , Rd          , Re^Gvs      , Re^Gvs      , Re^Gvs      , Re^Gvs      , Gg          , Rr          , Gg^Efm      , Gs^Ft       , Gs^Ft       , Gg^Efm      , Ch          , Ww^Bw\      , Ww          , Ww          , Ww^Bw\      , Ww^Bw\      , Ww          , Ww          , Ww          , Wo          , Ww          , Wo          , Ww          , Ww          , Ww          , Ww          , Ds          , Gs^Fms      , Gd          , Gd          , Mm          , Ds          , Ds          , Ds          
Xv          , Xv          , Xv          , Xv          , Xv          , Xv          , Xv          , Xv          , Xv          , Gs^Ft       , Hh^Fds      , Gs^Ft       , Hh^Fds      , Gs^Fms      , Mm          , Hh          , Hh          , Gg          , Re^Gvs      , Re^Gvs      , Re^Gvs      , Re^Gvs      , Re^Gvs      , Gg^Wm       , Gs          , Re^Gvs      , Re^Gvs      , Re^Gvs      , Rr          , Gs^Ft       , Hh          , Gg^Efm      , Ww          , Ww          , Ww          , Ww^Bw\      , Ww^Bw\      , Ww          , Ww          , Ww          , Wo          , Wo          , Wo          , Wo          , Wo          , Ww          , Ww          , Ds          , Ds          , Ds          , Gg          , Gs^Fms      , Gd          , Gd          , Ds          , Ds          , Wo          
Xv          , Xv          , Xv          , Xv          , Xv          , Xv          , Xv          , Xv          , Xv          , Xv          , Xv          , Hh^Fds      , Hh^Fds      , Mm          , Mm          , Mm          , Mm          , Hh^Fds      , Gg          , Re^Gvs      , Re^Gvs      , Re^Gvs      , Gs          , Gs          , Hh          , Gs          , Hh          , Hh^Fds      , Hh^Fds      , Rr          , Gg          , Gg          , Ww^Ewf      , Ww^Ewf      , Ww^Ewl      , Ww          , Ww          , Ww          , Wo          , Wo          , Wo          , Wo          , Wo          , Wo          , Wo          , Ww          , Ww          , Ds          , Gs^Fds      , Gs^Fds      , Ds          , Ds          , Ds          , Ds          , Ww          , Ww          , Ww          
Xv          , Xv          , Xv          , Xv          , Xv          , Xv          , Xv          , Xv          , Xv          , Xv          , Xv          , Xv          , Xv          , Hh^Fds      , Mm          , Mm          , Mm          , Mm          , Mm          , Hh^Fds      , Gs          , Gs          , Gs          , Gs          , Gs          , Hh          , Gs          , Hh^Fds      , Gs          , Rr          , Rd          , Ww          , Ww          , Gs          , Gs          , Ww^Ewl      , Ww          , Ww          , Wo          , Wo          , Wo          , Wo          , Wo          , Wo          , Ww          , Ww          , Ds          , Ds          , Ds          , Ds          , Ww          , Ds          , Ww          , Ww          , Ww          , Ww          , Ww          
Xv          , Xv          , Xv          , Xv          , Xv          , Xv          , Xv          , Xv          , Xv          , Xv          , Xv          , Xv          , Xv          , Xv          , Xv          , Mm          , Mm          , Mm          , Mm          , Mm          , Mm          , Hh^Fds      , Hh^Fds      , Gs          , Gs          , Gs          , Gs^Fms      , Gs          , Gs          , Gs          , Gs          , Rd          , Ww^Bw/      , Gs          , Gs          , Gs          , Gs          , Ww          , Ww          , Wo          , Wo          , Wo          , Wo          , Wo          , Wo          , Ww          , Ww          , Ww          , Ww          , Ww          , Wwr         , Ww          , Ww          , Ww          , Wo          , Ww          , Wo          
Xv          , Xv          , Xv          , Xv          , Xv          , Xv          , Xv          , Xv          , Xv          , Xv          , Xv          , Xv          , Xv          , Xv          , Xv          , Xv          , Hh^Fms      , Mm          , Mm          , Mm          , Mm          , Mm          , Mm          , Hh^Fds      , Hh^Fds      , Gs          , Gs^Fms      , Gs^Fms      , Gs          , Gs          , Gs          , Rd          , Gs          , Ww          , Ww          , Gs          , Gs^Fds      , Gs^Fds      , Ww          , Ww          , Wo          , Wo          , Wo          , Wo          , Wo          , Wo          , Wo          , Ww          , Ww          , Wwr         , Ww          , Wwr         , Wo          , Wo          , Wo          , Wo          , Wo          
Xv          , Xv          , Xv          , Xv          , Xv          , Xv          , Xv          , Xv          , Xv          , Xv          , Xv          , Xv          , Xv          , Xv          , Xv          , Xv          , Xv          , Hh^Fms      , Hh^Fms      , Mm          , Mm          , Mm          , Mm          , Hh^Fds      , Hh^Fds      , Gs^Fms      , Gs^Fms      , Gs^Ft       , Gs^Fms      , Gs^Fds      , Gs          , Rd          , Gs          , Gs          , Ww          , Gs^Fds      , Ww          , Gs^Fds      , Gs^Ft       , Ww          , Ww          , Wo          , Wo          , Wo          , Wo          , Wo          , Wo          , Wo          , Wo          , Wo          , Wo          , Wo          , Wo          , Wo          , Wo          , Wo          , Wo          
Xv          , Xv          , Xv          , Xv          , Xv          , Xv          , Xv          , Xv          , Xv          , Xv          , Xv          , Xv          , Xv          , Xv          , Xv          , Xv          , Xv          , Xv          , Xv          , Hh^Fms      , Hh^Fds      , Mm          , Hh^Fds      , Mm          , Mm          , Gs^Fms      , Gs^Ft       , Gs^Ft       , Gs^Fds      , Gs^Fds      , Gs          , Rd          , Gs          , Gs^Fds      , Gs^Fds      , Ww          , Ww          , Gs^Fds      , Gs^Fds      , Gs^Ft       , Ww          , Ww          , Ww          , Wo          , Wo          , Wo          , Wo          , Wo          , Wo          , Wo          , Wo          , Wo          , Wo          , Wo          , Wo          , Wo          , Wo          
Xv          , Xv          , Xv          , Xv          , Xv          , Xv          , Xv          , Xv          , Xv          , Xv          , Xv          , Xv          , Xv          , Xv          , Xv          , Xv          , Xv          , Xv          , Xv          , Xv          , Xv          , Hh^Fds      , Xv          , Hh^Fds      , Hh^Fds      , Gs^Fms      , Gg          , Gg          , Gs^Fds      , Gs^Fds      , Rd          , Rd          , Gs          , Gs          , Gs^Fds      , Gs^Fds      , Gs^Fds      , Ww          , Ww          , Ww          , Ww          , Ww          , Ww          , Wo          , Wo          , Wo          , Wo          , Wo          , Wo          , Wo          , Wo          , Wo          , Wo          , Wo          , Wo          , Wo          , Wo          
Xv          , Xv          , Xv          , Xv          , Xv          , Xv          , Xv          , Xv          , Xv          , Xv          , Xv          , Xv          , Xv          , Xv          , Xv          , Xv          , Xv          , Xv          , Xv          , Xv          , Xv          , Xv          , Xv          , Xv          , Xv          , Xv          , Xv          , Gg          , Gg          , Gg          , Rd          , Gs          , Gs          , Gs          , Gs          , Gs^Fds      , Gs^Fds      , Gs^Fds      , Wo          , Ww          , Ww          , Ww          , Wo          , Wo          , Wo          , Wo          , Wo          , Wo          , Wo          , Wo          , Wo          , Wo          , Wo          , Wo          , Wo          , Wo          , Wo          
Xv          , Xv          , Xv          , Xv          , Xv          , Xv          , Xv          , Xv          , Xv          , Xv          , Xv          , Xv          , Xv          , Xv          , Xv          , Xv          , Xv          , Xv          , Xv          , Xv          , Xv          , Xv          , Xv          , Xv          , Xv          , Xv          , Xv          , Gs^Fds      , Gs^Fds      , Gg          , Rd          , Gs          , Gs          , Gs          , Gs          , Gs          , Ds          , Ww          , Ww          , Ww          , Wo          , Wo          , Wo          , Wo          , Wo          , Wo          , Wo          , Wo          , Wo          , Wo          , Wo          , Wo          , Wo          , Wo          , Wo          , Wo          , Wo          
Xv          , Xv          , Xv          , Xv          , Xv          , Xv          , Xv          , Xv          , Xv          , Xv          , Xv          , Xv          , Xv          , Xv          , Xv          , Xv          , Xv          , Xv          , Xv          , Xv          , Xv          , Xv          , Xv          , Xv          , Xv          , Xv          , Xv          , Xv          , Gs^Fds      , Rd          , Gg          , Gs^Fds      , Gs          , Gs          , Gs          , Ds          , Ww          , Ww          , Ww          , Wo          , Wo          , Wo          , Wo          , Wo          , Wo          , Wo          , Wo          , Wo          , Wo          , Wo          , Wo          , Wo          , Wo          , Wo          , Wo          , Wo          , Wo          
Xv          , Xv          , Xv          , Xv          , Xv          , Xv          , Xv          , Xv          , Xv          , Xv          , Xv          , Xv          , Xv          , Xv          , Xv          , Xv          , Xv          , Xv          , Xv          , Xv          , Xv          , Xv          , Xv          , Xv          , Xv          , Xv          , Gs^Fms      , Gs^Fms      , Rd          , Rd          , Gs          , Gs          , Gg          , Gs          , Ds          , Ds          , Ww          , Ww          , Ww          , Wo          , Wo          , Wo          , Wo          , Wo          , Wo          , Wo          , Wo          , Wo          , Wo          , Wo          , Wo          , Wo          , Wo          , Wo          , Wo          , Wo          , Wo          
Xv          , Xv          , Xv          , Xv          , Xv          , Xv          , Xv          , Xv          , Xv          , Xv          , Xv          , Xv          , Xv          , Xv          , Xv          , Xv          , Xv          , Xv          , Xv          , Xv          , Xv          , Hh^Fp       , Hh^Fp       , Xv          , Xv          , Xv          , Rd          , Rd          , Gg          , Gg          , Gg          , Gg          , Gg          , Gs          , Ds          , Ds          , Ww          , Ww          , Wo          , Wo          , Wo          , Wo          , Wo          , Wo          , Wo          , Wo          , Wo          , Wo          , Wo          , Wo          , Wo          , Wo          , Wo          , Wo          , Wo          , Wo          , Wo          
Xv          , Xv          , Xv          , Xv          , Xv          , Xv          , Xv          , Xv          , Xv          , Xv          , Xv          , Xv          , Hh^Fp       , Xv          , Xv          , Xv          , Xv          , Xv          , Xv          , Xv          , Hh^Fp       , Hh^Fp       , Gs^Ft       , Xv          , Gg^Wm       , Rd          , Gg          , Gg          , Gg          , Gg          , Gg          , Gs^Ft       , Hh^Fds      , Gs^Ft       , Gs^Ft       , Ds          , Ds          , Ww          , Wo          , Wo          , Wo          , Wo          , Wo          , Wo          , Wo          , Wo          , Wo          , Wo          , Wo          , Wo          , Wo          , Wo          , Wo          , Wo          , Wo          , Wo          , Wo          
Xv          , Xv          , Xv          , Xv          , Xv          , Xv          , Xv          , Xv          , Xv          , Xv          , Xv          , Xv          , Xv          , Hh^Fp       , Hh^Fp       , Xv          , Xv          , Xv          , Xv          , Xv          , Ww          , Gs^Ft       , Ww          , Gs^Ft       , Ww          , Gg          , Ww          , Gg          , Gg          , Gs          , Gs          , Hh^Fds      , Hh^Fds      , Hh          , Gs^Ft       , Gs          , Gs^Ft       , Ds          , Wo          , Wo          , Wo          , Wo          , Wo          , Wo          , Wo          , Wo          , Wo          , Wo          , Wo          , Wo          , Wo          , Wo          , Wo          , Wo          , Wo          , Wo          , Wo          
Xv          , Xv          , Xv          , Xv          , Xv          , Xv          , Xv          , Xv          , Xv          , Xv          , Xv          , Xv          , Xv          , Hh^Fp       , Hh^Fp       , Xv          , Hh^Fp       , Xv          , Hh^Fp       , Xv          , Hh^Fds      , Ww          , Gg          , Ww          , Gg          , Ww          , Gg          , Ww          , Wwf         , Gg          , Gs          , Gs          , Gs          , Gs          , Gs^Edpp     , Gs          , Gg          , Ds          , Ww          , Wo          , Wo          , Wo          , Wo          , Wo          , Wo          , Wo          , Wo          , Wo          , Wo          , Wo          , Wo          , Wo          , Wo          , Wo          , Wo          , Wo          , Wo          
Xv          , Xv          , Xv          , Xv          , Xv          , Xv          , Xv          , Xv          , Xv          , Xv          , Xv          , Xv          , Xv          , Xv          , Hh^Fp       , Hh^Fp       , Hh^Fp       , Hh^Fp       , Hh^Fds      , Hh^Fds      , Gs^Fms      , Gg          , Ss          , Ss          , Ss          , Ss          , Gg          , Gg          , Ww          , Gg          , Gg          , Gg          , Gs          , Gs^Edpp     , Gs^Edpp     , Gd          , Gs^Ft       , Ds          , Ww          , Ww          , Wo          , Wo          , Wo          , Wo          , Wo          , Wo          , Wo          , Wo          , Wo          , Wo          , Wo          , Wo          , Wo          , Wo          , Wo          , Wo          , Wo          
Xv          , Xv          , Xv          , Xv          , Xv          , Xv          , Xv          , Xv          , Xv          , Xv          , Xv          , Xv          , Xv          , Xv          , Hh^Fms      , Hh^Fp       , Hh^Fms      , Hh^Fms      , Gs^Fms      , Gs^Fms      , Gs^Fds      , Ss          , Gs          , Ss          , Gd^Edpp     , Gg          , Gd          , Gg          , Ww          , Gg          , Gg          , Gd          , Ds          , Gd          , Gd          , Gd          , Ds          , Ds          , Ww          , Ww          , Wo          , Wo          , Wo          , Wo          , Wo          , Wo          , Wo          , Wo          , Wo          , Wo          , Wo          , Wo          , Wo          , Wo          , Wo          , Wo          , Wo          
Xv          , Xv          , Xv          , Xv          , Xv          , Xv          , Xv          , Xv          , Xv          , Xv          , Xv          , Xv          , Xv          , Hh^Fms      , Hh^Fms      , Hh^Fms      , Hh^Fms      , Hh^Fds      , Gs^Fms      , Gs^Fds      , Gd          , Gd^Edpp     , Gd^Edpp     , Gd^Edpp     , Gd          , Gd          , Ds^Edpp     , Gd          , Dd          , Ww          , Ww          , Ww          , Ww          , Ds          , Ds          , Ds          , Ds          , Ds          , Ww          , Wo          , Wo          , Wo          , Wo          , Wo          , Wo          , Wo          , Wo          , Wo          , Wo          , Wo          , Wo          , Wo          , Wo          , Wo          , Wo          , Wo          , Wo          
Xv          , Xv          , Xv          , Xv          , Xv          , Xv          , Xv          , Xv          , Xv          , Xv          , Xv          , Xv          , Hh^Fms      , Hh^Fms      , Hh^Fms      , Ds          , Ds          , Hh^Fds      , Ds          , Gd          , Ds          , Ds^Edpp     , Ds          , Ds^Edpp     , Ds          , Ds          , Ds          , Dd          , Dd^Do       , Dd          , Ww          , Ww          , Ww          , Ww          , Ww          , Ds          , Ww          , Ww          , Wo          , Wo          , Wo          , Wo          , Wo          , Wo          , Wo          , Wo          , Wo          , Wo          , Wo          , Wo          , Wo          , Wo          , Wo          , Wo          , Wo          , Wo          , Wo          
Xv          , Xv          , Xv          , Xv          , Xv          , Xv          , Xv          , Xv          , Gs^Fds      , Hh^Fds      , Gs^Fds      , Hh^Fms      , Ww          , Hh^Fms      , Ww          , Ww          , Ww          , Ds          , Ww          , Ds          , Ww          , Ww          , Ww          , Ds          , Ww          , Ds          , Ww          , Dd          , Ww          , Ww          , Ww          , Ww          , Wo          , Ww          , Ww          , Ww          , Ww          , Ww          , Wo          , Wo          , Wo          , Wo          , Wo          , Wo          , Wo          , Wo          , Wo          , Wo          , Wo          , Wo          , Wo          , Wo          , Wo          , Wo          , Wo          , Wo          , Wo          
Xv          , Xv          , Xv          , Xv          , Xv          , Xv          , Xv          , Xv          , Gs^Fds      , Gs^Fds      , Gs^Fms      , Ww          , Ww          , Ww          , Ww          , Ww          , Ww          , Ww          , Ww          , Ww          , Ww          , Ww          , Ww          , Ww          , Ww          , Ww          , Ww          , Ww          , Ww          , Ww          , Ww          , Ww          , Wo          , Wo          , Wo          , Wo          , Wo          , Wo          , Wo          , Wo          , Wo          , Wo          , Wo          , Wo          , Wo          , Wo          , Wo          , Wo          , Wo          , Wo          , Wo          , Wo          , Wo          , Wo          , Wo          , Wo          , Wo          
Xv          , Xv          , Xv          , Xv          , Xv          , Xv          , Hh^Fms      , Hh^Fms      , Gs^Fms      , Gs^Fms      , Gs^Fms      , Ww          , Ww          , Ww          , Wo          , Wo          , Wo          , Ww          , Ww          , Ww          , Ww          , Ww          , Ww          , Ww          , Ww          , Ww          , Ww          , Ww          , Wo          , Ww          , 1 Wo        , Wo          , Wo          , Wo          , Wo          , Wo          , Wo          , Wo          , Wo          , Wo          , Wo          , Wo          , Wo          , Wo          , Wo          , Wo          , Wo          , Wo          , Wo          , Wo          , Wo          , Wo          , Wo          , Wo          , Wo          , Wo          , Wo          
Xv          , Xv          , Hh^Fms      , Hh^Fms      , Hh^Fms      , Hh^Fms      , Gs^Fds      , Gs^Fds      , Gs^Fms      , Gs^Ft       , Gs^Ft       , Ww          , Ww          , Wo          , Wo          , Wo          , Wo          , Wo          , Wo          , Wo          , Wo          , Wo          , Wo          , Wo          , Wo          , Wo          , Wo          , Wo          , Wo          , Wo          , Wo          , Wo          , Wo          , Wo          , Wo          , Wo          , Wo          , Wo          , Wo          , Wo          , Wo          , Wo          , Wo          , Wo          , Wo          , Wo          , Wo          , Wo          , Wo          , Wo          , Wo          , Wo          , Wo          , Wo          , Wo          , Wo          , Wo          
