Xv, Xv, Xv, Xv, Xv, Xv, Xv, Xv, Xv, Xv, Xv, Xv, Xv, Xv, Xv, Xv, Xv, Xv, Xv, Xv, Xv, Xv, Xv, Xv, Xv, Xv, Xv, Xv, Xv, Xv, Xv, Xv, Xv, Xv, Xv, Xv, Xv, Xv, Xv
Xv, Xv, Xv, Xv, Xv, Xv, Xv, Xv, Xv, Xv, Xv, Xv, Xv, Xv, Xv, Xv, Xv, Xv, Xv, Xv, Xv, Xv, Xv, Xv, Xv, Xv, Xv, Xv, Xv, Xv, Xv, Xv, Xv, Xv, Xv, Xv, Xv, Xv, Xv
Xv, Xv, Rr, Xv, Xv, Xv, Xv, Xv, Rr, Rr, Rr, Rr, Rr, Rr, Rr, Rr, Rr, Rp^Qov, Rp^Qov, Rp^Qov, Rp^Qov, Rp^Qov, Rr, Rr, Rr, Rr, Rr, Rr, Rr, Rr, Rr, Xv, Xv, Xv, Xv, Xv, Rr, Xv, Xv
Xv, Xv, Rr, Rr, Rr, Xv, Rr, Rr, Rr, Rr, Rr, Rr, Rr, Rr, Rr, Rr, Rr, Rp^Qov, Rp^Qov, Rp^Qov, Rp^Qov, Rp^Qov, Rr, Rr, Rr, Rr, Rr, Rr, Rr, Rr, Rr, Rr, Rr, Xv, Rr, Rr, Rr, Xv, Xv
Xv, Xv, Rr, Rr, Rr, Rr, Rr, Rr, Rr, Rr, Rr, Rr, Rr, Rr, Rr, Rr, Rr, Rp^Qov, Rp^Qov, Rp^Qov, Rp^Qov, Rp^Qov, Rr, Rr, Rr, Rr, Rr, Rr, Rr, Rr, Rr, Rr, Rr, Rr, Rr, Rr, Rr, Xv, Xv
Xv, Xv, Rr, Rr, Rr, Rr, Rr, Rr, Rr, Rr, Xv, Rr, Xv, Rr, Xv, Rr, Rr, Rp^Qov, Rp, Rp^Qov, Rp, Rp^Qov, Rr, Rr, Xv, Rr, Xv, Rr, Xv, Rr, Rr, Rr, Rr, Rr, Rr, Rr, Rr, Xv, Xv
Xv, Xv, Rr, Rr, Rr, Rr, Rr, Rr, Rr, Rr, Xv, Xv, Xv, Xv, Xv, Xv, Xv, Rp, Rp, Rp, Rp, Rp, Xv, Xv, Xv, Xv, Xv, Xv, Xv, Rr, Rr, Rr, Rr, Rr, Rr, Rr, Rr, Xv, Xv
Xv, Xv, Rr, Rr, Rr, Rr, Rr, Rr, Rr, Rr, Xv, Xv, Xv, Xv, Xv, Xv, Xv, Rp, Rp, Rp, Rp, Rp, Xv, Xv, Xv, Xv, Xv, Xv, Xv, Rr, Rr, Rr, Rr, Rr, Rr, Rr, Rr, Xv, Xv
Xv, Xv, Gg^Xo, Gg^Xo, Gg^Xo, Gg^Xo, Gg^Xo, Gg^Xo, 6 Gg^Xo, Gg^Xo, Xv, Xv, Xv, Xv, Xv, Xv, Xv, Rp, Rp, Rp, Rp, Rp, Xv, Xv, Xv, Xv, Xv, Xv, Xv, Gg^Xo, Gg^Xo, Gg^Xo, Gg^Xo, Gg^Xo, Gg^Xo, Gg^Xo, Gg^Xo, Xv, Xv
Xv, Xv, Xv, Xv, Xv, Xv, Xv, Rr, Rr, Rr, Rr, Xv, Xv, Xv, Xv, Xv, Xv, Rp, Rp, Rp, Rp, Rp, Xv, Xv, Xv, Xv, Xv, Xv, Xv, Rr, Rr, Rr, Xv, Xv, Xv, Xv, Xv, Xv, Xv
Xv, Xv, Xv, Xv, Xv, Xv, Xv, Xv, Xv, Xv, Xv, Xv, Xv, Xv, Xv, Xv, Xv, Rp, Rp, Rp, Rp, Rp, Xv, Xv, Xv, Xv, Xv, Xv, Xv, Xv, Xv, Xv, Xv, Xv, Xv, Xv, Xv, Xv, Xv
Xv, Xv, Xv, Xv, Xv, Xv, Xv, Xv, Xv, Xv, Xv, Xv, Xv, Xv, Xv, Xv, Xv, Rp, Rp, Rp, Rp, Rp, Xv, Xv, Xv, Xv, Xv, Xv, Xv, Xv, Xv, Xv, Xv, Xv, Xv, Xv, Xv, Xv, Xv
Xv, Xv, Xv, Xv, Xv, Xv, Xv, Xv, Xv, Xv, Xv, Xv, Xv, Xv, Xv, Xv, Xv, Rp, Rp, Rp, Rp, Rp, Xv, Xv, Xv, Xv, Xv, Xv, Xv, Xv, Xv, Xv, Xv, Xv, Xv, Xv, Xv, Xv, Xv
Xv, Xv, Xv, Xv, Xv, Xv, Xv, Xv, Xv, Xv, Xv, Xv, Xv, Xv, Xv, Xv, Xv, Rp, Rp, Rp, Rp, Rp, Xv, Xv, Xv, Xv, Xv, Xv, Xv, Xv, Xv, Xv, Xv, Xv, Xv, Xv, Xv, Xv, Xv
Xv, Xv, Xv, Xv, Xv, Xv, Xv, Xv, Xv, Xv, Xv, Xv, Xv, Xv, Xv, Xv, Xv, Rp, Rp, Rp, Rp, Rp, Xv, Xv, Xv, Xv, Xv, Xv, Xv, Xv, Xv, Xv, Xv, Xv, Xv, Xv, Xv, Xv, Xv
Xv, Xv, Xv, Xv, Xv, Xv, Xv, Xv, Xv, Xv, Xv, Xv, Xv, Xv, Xv, Xv, Xv, Rp, Rp, Rp, Rp, Rp, Xv, Xv, Xv, Xv, Xv, Xv, Xv, Xv, Xv, Xv, Xv, Xv, Xv, Xv, Xv, Xv, Xv
Xv, Xv, Xv, Xv, Xv, Xv, Xv, Xv, Xv, Xv, Xv, Xv, Xv, Xv, Xv, Xv, Rp, Rp, Rp, Rp, Rp, Rp, Rp, Xv, Xv, Xv, Xv, Xv, Xv, Xv, Xv, Xv, Xv, Xv, Xv, Xv, Xv, Xv, Xv
Xv, Xv, Gg^Xo, Xv, Gg^Xo, Xv, Gg^Xo, Xv, Gg^Xo, Xv, Gg^Xo, Xv, Xv, Xv, Xv, Xv, Rp, Rp, Rp, Rp, Rp, Rp, Rp, Xv, Xv, Xv, Xv, Xv, Gg^Xo, Xv, Gg^Xo, Xv, Gg^Xo, Xv, Gg^Xo, Xv, Gg^Xo, Xv, Xv
Gg, Gg, Gg^Vc, Gg, Gs^Vht, Gg, Gs^Fms, Gg, Gs^Xo, Gs^Xo, Gg^Xo, Gg^Xo, Gg^Xo, Xv, Gg^Xo, Gg^Xo, Rp, Rp, Rp, Rp, Rp, Rp, Rp, Gg^Xo, Gg^Xo, Xv, Gg^Xo, Gg^Xo, Gg^Xo, Gg^Xo, Gs^Xo, Gg, Rd, Gg, Gs^Fms, Gg, Gg^Vc, Gg, Gg
Gs^Fms, Gg, Rd, Rd, Rd, Rd, Rd, Rd, Rd, Re^Gvs, Rd, Gg, Gs^Fms, Gg, Gg, Gg, Rp, Rp, Rp, Rp, Rp, Rp, Rp, Gg, Rd, Gg, Rd, Gg, Gs^Vht, Hh, Rd, Gs^Fms, Rd, Gs^Fms, Rd, Rd, Gs^Fms, Hh, Gg
Gs^Fms, Rd, Re^Gvs, Re^Gvs, Re^Gvs, Re^Gvs, Re^Gvs, Re^Gvs, Re^Gvs, Rd, Rd, Rd, Rd, Rd, Rd, Rd, Rp, Rp, Rp, Rp, Rp, Rp, Rp, Rd, Hh, Rd, Hh, Rd, Rd, Rd, Re^Gvs, Rd, Re^Gvs, Re^Gvs, Re^Gvs, Re^Gvs, Gs^Fms, Hh, Gg
Gg, Re^Gvs, Re^Gvs, Re^Gvs, Gs^Fms, Gs^Fms, Gs^Fms, Gs^Fms, Gg, Gs^Fms, Gg, Gg, Cer, Gg, Re^Gvs, Re^Gvs, Rp, Rp, Rp, Rp, Rp, Rp, Rp, Gg, Gg, Gs^Fms, Cer, Re^Gvs, Hh, Re^Gvs, Gg, Re^Gvs, Gg, Gs^Fms, Gs^Fms, Gs^Fms, Gs^Fms, Gg, Gg
Gg, Gg, Gs^Fms, Gg, Gg, Gg, Gg, Gg, Hh, Gg, Dd^Vdt, Cer, Ker, Gg, Gg, Gg, Rp, Rp, Rp, Rp, Rp, Rp, Rp, Gg, Gg, Gs^Fms, Ker, Cer, Gg, Re^Gvs, Dd^Vdt, Dd^Vdt, Gg, Gs^Fms, Gg, Cer, Cer, Gs^Fms, Gg
Gg, Gg, Cer, Cer, Dd^Vdt, Gg, Cer, Cer, Cer, Gg, Gg^Dr, Gg, Rd, Cer, Cer, Hh, Cer, Rp, Cer, Cer, Cer, Rp, Cer, Hh, Cer, Cer, Gg^Dr, Dd^Vdt, Gs^Fms, Gs^Fms, Cer, Cer, Cer, Gg, Gg, Cer, Ker, Cer, Gg
Gg, Cer, Ker, Cer, Cer, Cer, Cer, 4 Ker, Cer, Cer, Dd^Vdt, Rd, Gg, Hh, Gg^Dr, Cer, Cer, Cer, Cer, 2 Ker, Cer, Cer, Cer, Cer, Dd^Vdt, Hh^Fds, Gg, Rd, Rd, Cer, Cer, 3 Ker, Cer, Cer, Cer, Cer, Cer, Cer, Gg
Gg, Cer, Cer, Cer, Hh, Hh^Fds, Hh, Cer, Rd, Rd, Rd, Gg, Ker, Gg, Gg, Hh, Rp, Rp, Rp, Cer, Rd, Rp, Rp, Hh, Gg, Gg, Ker, Gg, Gg, Rd, Gg, Cer, Gg, Dd^Vdt, Gg, Cer, Rd, Gg, Gg
Gg, Gg, Rd, Cer, Dd^Vdt, Gg, Gg^Dr, Rd, Rd, Rd, Ss, Cer, Cer, Dd^Vdt, Gg, Gg, Rp, Rp, Rd, Rp, Rd, Rp, Rp, Gg, Gg, Gg, Cer, Cer, Hh^Fds, Rd, Rd, Rd, Gs^Fms, Gg^Dr, Gs^Fms, Gg, Rd, Gg, Gg
Gg, Gg, Gs^Fms, Ss, Ss, Gg, Rd, Rd, Re^Gvs, Ss, Ss, Ss, Rd, Rd, Gg, Gg, Rp, Rp, Rd, Rp, Rp, Rp, Rp, Gg, Gg, Gg, Rd, Hh, Gg, Gg^Dr, Gg, Rd, Rd, Gs^Fms, Gs^Fms, Gg, Rd, Hh, Gg
Gs^Fds, Gg, Gs^Fds, Rd, Re^Gvs, Re^Gvs, Rd, Re^Gvs, Re^Gvs, Re^Gvs, Re^Gvs, Rd, Rd, Rd, Gg, Hh, Rp, Rp, Rd, Rd, Rd, Rp, Rp, Hh^Fds, Gg, Gg, Rd, Rd, Gs^Fms, Gg, Gs^Fds, Re^Gvs, Re^Gvs, Rd, Rd, Gs^Fms, Rd, Hh, Gg
Gs^Fds, Gs^Fms, Gs^Fms, Gs^Fds, Rd, Rd, Re^Gvs, Gs^Fds, Re^Gvs, Re^Gvs, Gs^Fds, Rd, Re^Gvs, Gg, Gg, Gs^Fds, Hh, Rp, Wwf, Rp, Wwf, Rp, Ww, Hh, Gs^Fds, Gg, Rd, Rd, Gg, Ss, Ss, Re^Gvs, Ss, Rd, Rd, Rd, Gs^Fms, Hh, Gg
Gg, Gs^Fms, Ss, Ss, Rd, Rd, Re^Gvs, Re^Gvs, Re^Gvs, Re^Gvs, Gs^Fds, Gs^Fds, Re^Gvs, Re^Gvs, Re^Gvs, Hh, Ww, Ww^Bw|, Ww, Ww^Bw|, Ww, Ww^Bw|, Ww, Gs^Fds, Gs^Fds, Gg, Rd, Rd, Gs^Fds, Gs^Fms, Ss, Ss, Ss, Gg^Wm, Rd, Gs^Fms, Gs^Fds, Gg, Gg
Ww, Re^Gvs, Re^Gvs, Gg^Wm, Rd, Rd, Rd, Gs^Fds, Gs^Fds, Gs^Fds, Re^Gvs, Re^Gvs, Ww, Re^Gvs, Ww, Ww, Ww, Ww^Bw|, Wwf, Ww^Bw|, Wwf, Ww^Bw|, Ww, Ww, Wwf, Ww, Ww, Gs^Fds, Gs^Fms, Ss, Gg^Vh, Gs^Fms, Gs^Fds, Re^Gvs, Gs^Fds, Gs^Fds, Gs^Fms, Re^Gvs, Ww
Gs^Fds, Ww, Ww, Ww, Ww^Bw/, Rd, Ww, Gs^Fds, Rd, Gs^Fds, Wwf, Ww, Gs^Fds, Wwf, Ww, Ww, Rp, Rp, Rp, Rp, Rd, Rp, Rp, Ww, Hh, Ww, Gs^Fds, Gs^Fds, Ww^Ewl, Rd, Gs^Fds, Gs^Fds, Gs^Fds, Rd, Re^Gvs, Rd, Wwf, Ww, Gg
Gs^Fds, Gs^Fds, Gs^Fds, Gs^Fds, Gs^Fds, Ww, Gg^Vh, Ww, Ww, Ww, Gs^Fds, Gs^Fds, Gg, Gs^Fds, Gg, Gg, Rp, Rd, Rp, Rp, Rp, Rd, Rp, Gg, Gg, Hh, Ss, Gs^Fds, Wwf, Gs^Fds, Rd, Gs^Fds, Re^Gvs, Re^Gvs, Wwf, Wwf, Re^Gvs, Gg^Vh, Gg
Gs^Fds, Gs^Fds, Gs^Fms, Gs^Fms, Re^Gvs, Ww, Ww, Gg^Wm, Rd, Gs^Fds, Gs^Fds, Gg, Gg, Gg, Gg, Dd^Vdt, Rp, Rd, Rd, Rp, Rp, Rp, Rp, Dd^Vdt, Gg, Gg, Gg, Ss, Gs^Fds, Ww, Ww^Bw|, Ww, Ww, Ww, Re^Gvs, Wwf, Ww, Gg, Gg
Gs^Fms, Gs^Fds, Re^Gvs, Gs^Fds, Re^Gvs, Re^Gvs, Gg, Ww, Rd, Rd, Gg, Gg^Vh, Gg, Dd^Vdt, Ce, Ce, Ce, Rp, Rp, Rp, Rp, Rp, Ce, Ce, Ce, Dd^Vdt, Gg, Hh, Wwf, Wwf, Gg, Re^Gvs, Re^Gvs, Re^Gvs, Gg^Wm, Rd, Gs^Fds, Ww, Ww
Ss, Ss, Ss, Re^Gvs, Ss, Gg, Re^Gvs, Ww, Ww^Bw/, Hh, Gg, Gg, Gg, Ce, Ce, 5 Ke, Ce, Ce, Rp, Rd, Rp, Ce, Ce, 1 Ke, Ce, Ce, Gg, Ww, Rd, Rd, Gg, Gg^Vh, Gg, Gg, Rd, Gs^Fds, Gg^Vh, Gs^Fds, Gg
Gg, Ss, Ss, Ss, Ss, Ss, Gg, Gg^Vh, Ww, Hh, Re^Gvs, Re^Gvs, Re^Gvs, Dd^Vdt, Ce, Ce, Rp, Rp, Rd, Rd, Rp, Rp, Rp, Ce, Ce, Dd^Vdt, Ww, Wwf, Rd, Rd, Re^Gvs, Re^Gvs, Re^Gvs, Hh, Hh, Gs^Fds, Gg, Gg, Gg
Ss, Ss, Gg, Gg, Ss, Ss, Ww, Ww, Re^Gvs, Re^Gvs, Re^Gvs, Re^Gvs, Gg, Gg, Gg, Rp, Rp, Rd, Rp, Rd, Rd, Rp, Rp, Rp, Wwf, Wwf, Gg, Gg, Gg, Rd, Gg, Re^Gvs, Gg, Gg, Gg, Gg, Gg, Gg, Gg
