Qxe, Qxe, Qxe, Qxe, Qxe, Qxe, Qxe, Qxe, Qxe, Qxe, Qxe, Qxe, Qxe, Qxe, Qxe, Qxe, Qxe, Qxe, Qxe, Qxe, Qxe, Qxe, Qxe, Qxe, Qxe, Qxe, Qxe, Qxe, Qxe, Qxe, Qxe, Qxe, Qxe, Qxe, Qxe
Qxe, Qxe^Yyyy, Qxe, Qxe, Qxe, Qxe, Qxe, Qxe, Qxe, Qxe, Qxe, Qxe, Qxe, Qxe, Qxe, Qxe, Qxe, Qxe, Qxe, Qxe, Qxe, Qxe, Qxe, Qxe, Qxe, Qxe, Qxe, Qxe, Qxe, Qxe, Qxe, Qxe, Qxe, Qxe, Qxe
Qxe, Qxe, Qxe, Qxe, Qxe, Qxe, Qxe, Qxe, Qxe, Qxe, Qxe, Qxe, Qxe, Qxe, Qxe, Qxe, Qxe, Qxe, Qxe, Qxe, Qxe, Qxe, Qxe, Qxe, Qxe, Qxe, Qxe, Qxe, Qxe, Qxe, Qxe, Qxe, Qxe, Qxe, Qxe
Qxe, Qxe, Qxe, Qxe, Qxe, Qxe, Qxe, Qxe, Qxe, Qxe, Qxe, Qxe, Qxe, Qxe, Qxe, Rrc, Rrc, 2 Rrc, Rrc, Rrc, Qxe, Qxe, Qxe, Qxe, Qxe, Qxe, Qxe, Qxe, Qxe, Qxe, Qxe, Qxe, Qxe, Qxe, Qxe
Qxe, Qxe, Qxe, Qxe, Qxe, Qxe, Qxe, Qxe, Qxe, Qxe, Qxe, Qxe, Rrc, Qxe, Qxe, Qxe, Qxe, Qxe, Qxe, Qxe, Qxe, Qxe, Rrc, Qxe, Qxe, Qxe, Qxe, Qxe, Qxe, Qxe, Qxe, Qxe, Qxe, Qxe, Qxe
Qxe, Qxe, Qxe, Qxe, Qxe, Qxe, Qxe, Qxe, Rrc, Qxe, Rrc, Rrc, Rrc, Rrc, Qxe, Qxe, Qxe, Qxe, Qxe, Qxe, Qxe, Rrc, Rrc, Rrc, Rrc, Qxe, Rrc, Qxe, Qxe, Qxe, Qxe, Qxe, Qxe, Qxe, Qxe
Qxe, Qxe, Qxe, Qxe, Qxe, Qxe, Qxe, Rrc, Rrc, Rrc, Rrc, Rrc, Rrc, Rrc, Qxe, Qxe, Qxe, Qxe, Qxe, Qxe, Qxe, Rrc, Rrc, Rrc, Rrc, Rrc, Rrc, Rrc, Qxe, Qxe, Qxe, Qxe, Qxe, Qxe, Qxe
Qxe, Qxe, Qxe, Qxe, Qxe, Qxe, Qxe, Qxe, Rrc, Qxe, Qxe, Rrc, Rrc, Rrc, Rrc, Qxe, Qxe, Qxe, Qxe, Qxe, Rrc, Rrc, Rrc, Rrc, Qxe, Qxe, Rrc, Qxe, Qxe, Qxe, Qxe, Qxe, Qxe, Qxe, Qxe
Qxe, Qxe, Qxe, Qxe, Qxe, Qxe, Qxe, Qxe, Qxe, Rrc, Rrc, Rrc, Rrc, Rrc, Rrc, Rrc, Rrc, Rrc, Rrc, Rrc, Rrc, Rrc, Rrc, Rrc, Rrc, Rrc, Qxe, Qxe, Qxe, Qxe, Qxe, Qxe, Qxe, Qxe, Qxe
Qxe, Qxe, Qxe, Qxe, Qxe, Qxe, Qxe, Qxe, Qxe, Qxe, Qxe, Qxe, Qxe, Rrc, Qxe, Rrc, Rrc, Rrc, Rrc, Rrc, Qxe, Rrc, Qxe, Qxe, Qxe, Qxe, Qxe, Qxe, Qxe, Qxe, Qxe, Qxe, Qxe, Qxe, Qxe
Qxe, Qxe, Qxe, Qxe, Qxe, Qxe, Qxe, Qxe, Rrc, Qxe, Qxe, Qxe, Qxe, Qxe, Qxe, Qxe, Rrc, Rrc, Rrc, Qxe, Qxe, Qxe, Qxe, Qxe, Qxe, Qxe, Rrc, Qxe, Qxe, Qxe, Qxe, Qxe, Qxe, Qxe, Qxe
Qxe, Qxe, Qxe, Qxe, Qxe, Qxe, Qxe, Qxe, Qxe, Rrc, Rrc, Rrc, Rrc, Qxe, Qxe, Qxe, Rrc, Rrc, Rrc, Qxe, Qxe, Qxe, Rrc, Rrc, Rrc, Rrc, Qxe, Qxe, Qxe, Qxe, Qxe, Qxe, Qxe, Qxe, Qxe
Qxe, Qxe, Qxe, Qxe, Qxe, Qxe, Qxe, Qxe, Qxe, Qxe, Qxe, Qxe, Qxe, Rrc, Qxe, Qxe, Rrc, Rrc, Rrc, Qxe, Qxe, Qxe, Qxe, Qxe, Qxe, Qxe, Qxe, Qxe, Qxe, Qxe, Qxe, Qxe, Qxe, Qxe, Qxe
Qxe, Qxe, Qxe, Qxe, Qxe, Qxe, Qxe, Qxe, Qxe, Qxe, Qxe, Qxe, Qxe, Qxe, Qxe, Qxe, Rrc, 1 Rrc, Rrc, Qxe, Qxe, Qxe, Qxe, Qxe, Qxe, Qxe, Qxe, Qxe, Qxe, Qxe, Qxe, Qxe, Qxe, Qxe, Qxe
Qxe, Qxe, Qxe, Qxe, Qxe, Qxe, Qxe, Qxe, Qxe, Qxe, Qxe, Qxe, Qxe, Qxe, Qxe, Qxe, Rrc, Rrc, Rrc, Qxe, Qxe, Qxe, Qxe, Qxe, Qxe, Qxe, Qxe, Qxe, Qxe, Qxe, Qxe, Qxe, Qxe, Qxe, Qxe
Qxe, Qxe, Qxe, Qxe, Qxe, Qxe, Qxe, Qxe, Qxe, Qxe, Qxe, Qxe, Qxe, Qxe, Qxe, Qxe, Qxe, Qxe, Qxe, Qxe, Qxe, Qxe, Qxe, Qxe, Qxe, Qxe, Qxe, Qxe, Qxe, Qxe, Qxe, Qxe, Qxe, Qxe, Qxe
